Archive member included to satisfy reference by file (symbol)

c:/program files (x86)/atmel/studio/7.0/toolchain/arm/arm-gnu-toolchain/bin/../lib/gcc/arm-none-eabi/6.3.1/../../../../arm-none-eabi/lib/thumb/v7e-m\libc.a(lib_a-exit.o)
                              c:/program files (x86)/atmel/studio/7.0/toolchain/arm/arm-gnu-toolchain/bin/../lib/gcc/arm-none-eabi/6.3.1/../../../../arm-none-eabi/lib/thumb/v7e-m/crt0.o (exit)
c:/program files (x86)/atmel/studio/7.0/toolchain/arm/arm-gnu-toolchain/bin/../lib/gcc/arm-none-eabi/6.3.1/../../../../arm-none-eabi/lib/thumb/v7e-m\libc.a(lib_a-impure.o)
                              c:/program files (x86)/atmel/studio/7.0/toolchain/arm/arm-gnu-toolchain/bin/../lib/gcc/arm-none-eabi/6.3.1/../../../../arm-none-eabi/lib/thumb/v7e-m\libc.a(lib_a-exit.o) (_global_impure_ptr)
c:/program files (x86)/atmel/studio/7.0/toolchain/arm/arm-gnu-toolchain/bin/../lib/gcc/arm-none-eabi/6.3.1/../../../../arm-none-eabi/lib/thumb/v7e-m\libc.a(lib_a-init.o)
                              c:/program files (x86)/atmel/studio/7.0/toolchain/arm/arm-gnu-toolchain/bin/../lib/gcc/arm-none-eabi/6.3.1/../../../../arm-none-eabi/lib/thumb/v7e-m/crt0.o (__libc_init_array)
c:/program files (x86)/atmel/studio/7.0/toolchain/arm/arm-gnu-toolchain/bin/../lib/gcc/arm-none-eabi/6.3.1/../../../../arm-none-eabi/lib/thumb/v7e-m\libc.a(lib_a-memset.o)
                              c:/program files (x86)/atmel/studio/7.0/toolchain/arm/arm-gnu-toolchain/bin/../lib/gcc/arm-none-eabi/6.3.1/../../../../arm-none-eabi/lib/thumb/v7e-m/crt0.o (memset)
c:/program files (x86)/atmel/studio/7.0/toolchain/arm/arm-gnu-toolchain/bin/../lib/gcc/arm-none-eabi/6.3.1/../../../../arm-none-eabi/lib/thumb/v7e-m\libc.a(lib_a-__call_atexit.o)
                              c:/program files (x86)/atmel/studio/7.0/toolchain/arm/arm-gnu-toolchain/bin/../lib/gcc/arm-none-eabi/6.3.1/../../../../arm-none-eabi/lib/thumb/v7e-m\libc.a(lib_a-exit.o) (__call_exitprocs)
c:/program files (x86)/atmel/studio/7.0/toolchain/arm/arm-gnu-toolchain/bin/../lib/gcc/arm-none-eabi/6.3.1/../../../../arm-none-eabi/lib/thumb/v7e-m\libc.a(lib_a-atexit.o)
                              c:/program files (x86)/atmel/studio/7.0/toolchain/arm/arm-gnu-toolchain/bin/../lib/gcc/arm-none-eabi/6.3.1/../../../../arm-none-eabi/lib/thumb/v7e-m\libc.a(lib_a-__call_atexit.o) (atexit)
c:/program files (x86)/atmel/studio/7.0/toolchain/arm/arm-gnu-toolchain/bin/../lib/gcc/arm-none-eabi/6.3.1/../../../../arm-none-eabi/lib/thumb/v7e-m\libc.a(lib_a-fini.o)
                              c:/program files (x86)/atmel/studio/7.0/toolchain/arm/arm-gnu-toolchain/bin/../lib/gcc/arm-none-eabi/6.3.1/../../../../arm-none-eabi/lib/thumb/v7e-m\libc.a(lib_a-__call_atexit.o) (__libc_fini_array)
c:/program files (x86)/atmel/studio/7.0/toolchain/arm/arm-gnu-toolchain/bin/../lib/gcc/arm-none-eabi/6.3.1/../../../../arm-none-eabi/lib/thumb/v7e-m\libc.a(lib_a-lock.o)
                              c:/program files (x86)/atmel/studio/7.0/toolchain/arm/arm-gnu-toolchain/bin/../lib/gcc/arm-none-eabi/6.3.1/../../../../arm-none-eabi/lib/thumb/v7e-m\libc.a(lib_a-__call_atexit.o) (__retarget_lock_acquire_recursive)
c:/program files (x86)/atmel/studio/7.0/toolchain/arm/arm-gnu-toolchain/bin/../lib/gcc/arm-none-eabi/6.3.1/../../../../arm-none-eabi/lib/thumb/v7e-m\libc.a(lib_a-__atexit.o)
                              c:/program files (x86)/atmel/studio/7.0/toolchain/arm/arm-gnu-toolchain/bin/../lib/gcc/arm-none-eabi/6.3.1/../../../../arm-none-eabi/lib/thumb/v7e-m\libc.a(lib_a-atexit.o) (__register_exitproc)

Allocating common symbols
Common symbol       size              file

__lock___atexit_recursive_mutex
                    0x1               c:/program files (x86)/atmel/studio/7.0/toolchain/arm/arm-gnu-toolchain/bin/../lib/gcc/arm-none-eabi/6.3.1/../../../../arm-none-eabi/lib/thumb/v7e-m\libc.a(lib_a-lock.o)
__lock___arc4random_mutex
                    0x1               c:/program files (x86)/atmel/studio/7.0/toolchain/arm/arm-gnu-toolchain/bin/../lib/gcc/arm-none-eabi/6.3.1/../../../../arm-none-eabi/lib/thumb/v7e-m\libc.a(lib_a-lock.o)
__lock___env_recursive_mutex
                    0x1               c:/program files (x86)/atmel/studio/7.0/toolchain/arm/arm-gnu-toolchain/bin/../lib/gcc/arm-none-eabi/6.3.1/../../../../arm-none-eabi/lib/thumb/v7e-m\libc.a(lib_a-lock.o)
__lock___sinit_recursive_mutex
                    0x1               c:/program files (x86)/atmel/studio/7.0/toolchain/arm/arm-gnu-toolchain/bin/../lib/gcc/arm-none-eabi/6.3.1/../../../../arm-none-eabi/lib/thumb/v7e-m\libc.a(lib_a-lock.o)
__lock___malloc_recursive_mutex
                    0x1               c:/program files (x86)/atmel/studio/7.0/toolchain/arm/arm-gnu-toolchain/bin/../lib/gcc/arm-none-eabi/6.3.1/../../../../arm-none-eabi/lib/thumb/v7e-m\libc.a(lib_a-lock.o)
pio_capture_enable_flag
                    0x4               src/ASF/sam/drivers/pio/pio.o
__lock___at_quick_exit_mutex
[...]
Memory Configuration

Name             Origin             Length             Attributes
rom              0x00400000         0x00200000         xr
ram              0x20400000         0x00060000         xrw
*default*        0x00000000         0xffffffff

Linker script and memory map

LOAD c:/program files (x86)/atmel/studio/7.0/toolchain/arm/arm-gnu-toolchain/bin/../lib/gcc/arm-none-eabi/6.3.1/thumb/v7e-m/crti.o
LOAD c:/program files (x86)/atmel/studio/7.0/toolchain/arm/arm-gnu-toolchain/bin/../lib/gcc/arm-none-eabi/6.3.1/thumb/v7e-m/crtbegin.o
LOAD c:/program files (x86)/atmel/studio/7.0/toolchain/arm/arm-gnu-toolchain/bin/../lib/gcc/arm-none-eabi/6.3.1/../../../../arm-none-eabi/lib/thumb/v7e-m/crt0.o
LOAD src/ASF/sam/drivers/rtc/rtc.o
LOAD src/ASF/sam/drivers/rtt/rtt.o
LOAD src/ASF/sam/drivers/spi/spi.o
LOAD src/ASF/sam/drivers/tc/tc.o
LOAD src/oled/gfx_mono_framebuffer.o
LOAD src/oled/gfx_mono_generic.o
LOAD src/oled/gfx_mono_text.o
LOAD src/oled/gfx_mono_ug_2832hsweg04.o
LOAD src/oled/ssd1306.o
LOAD src/oled/sysfont.o
LOAD src/ASF/common/services/delay/sam/cycle_counter.o
LOAD src/ASF/common/services/clock/same70/sysclk.o
LOAD src/ASF/common/utils/interrupt/interrupt_sam_nvic.o
LOAD src/ASF/sam/boards/same70_xplained/init.o
LOAD src/ASF/sam/drivers/mpu/mpu.o
LOAD src/ASF/sam/drivers/pio/pio.o
LOAD src/ASF/sam/drivers/pio/pio_handler.o
LOAD src/ASF/sam/drivers/pmc/pmc.o
LOAD src/ASF/sam/drivers/pmc/sleep.o
LOAD src/ASF/sam/utils/cmsis/same70/source/templates/gcc/startup_same70.o
LOAD src/ASF/sam/utils/cmsis/same70/source/templates/system_same70.o
LOAD src/ASF/sam/utils/syscalls/gcc/syscalls.o
LOAD src/main.o
START GROUP
LOAD ../src/ASF/thirdparty/CMSIS/Lib/GCC\libarm_cortexM7lfsp_math_softfp.a
LOAD c:/program files (x86)/atmel/studio/7.0/toolchain/arm/arm-gnu-toolchain/bin/../lib/gcc/arm-none-eabi/6.3.1/../../../../arm-none-eabi/lib/thumb/v7e-m\libm.a
END GROUP
START GROUP
LOAD c:/program files (x86)/atmel/studio/7.0/toolchain/arm/arm-gnu-toolchain/bin/../lib/gcc/arm-none-eabi/6.3.1/thumb/v7e-m\libgcc.a
LOAD c:/program files (x86)/atmel/studio/7.0/toolchain/arm/arm-gnu-toolchain/bin/../lib/gcc/arm-none-eabi/6.3.1/../../../../arm-none-eabi/lib/thumb/v7e-m\libc.a
END GROUP
LOAD c:/program files (x86)/atmel/studio/7.0/toolchain/arm/arm-gnu-toolchain/bin/../lib/gcc/arm-none-eabi/6.3.1/thumb/v7e-m/crtend.o
LOAD c:/program files (x86)/atmel/studio/7.0/toolchain/arm/arm-gnu-toolchain/bin/../lib/gcc/arm-none-eabi/6.3.1/thumb/v7e-m/crtn.o
                0x00002000                STACK_SIZE = DEFINED (STACK_SIZE)?STACK_SIZE:0x2000
                0x2045fffc                __ram_end__ = ((ORIGIN (ram) + LENGTH (ram)) - 0x4)
                0x00000200                HEAP_SIZE = DEFINED (HEAP_SIZE)?HEAP_SIZE:0x200

.text           0x00400000     0x2578
                0x00400000                . = ALIGN (0x4)
                0x00400000                _sfixed = .
 *(.vectors .vectors.*)
 .vectors       0x00400000      0x140 src/ASF/sam/utils/cmsis/same70/source/templates/gcc/startup_same70.o
                0x00400000                exception_table
 *(.text .text.* .gnu.linkonce.t.*)
 .text          0x00400140       0x6c c:/program files (x86)/atmel/studio/7.0/toolchain/arm/arm-gnu-toolchain/bin/../lib/gcc/arm-none-eabi/6.3.1/thumb/v7e-m/crtbegin.o
 .text.rtt_init
                0x004001ac       0x14 src/ASF/sam/drivers/rtt/rtt.o
                0x004001ac                rtt_init
 .text.rtt_sel_source
                0x004001c0       0x2c src/ASF/sam/drivers/rtt/rtt.o
                0x004001c0                rtt_sel_source
 .text.rtt_enable_interrupt
                0x004001ec       0x14 src/ASF/sam/drivers/rtt/rtt.o
                0x004001ec                rtt_enable_interrupt
 .text.rtt_disable_interrupt
                0x00400200       0x14 src/ASF/sam/drivers/rtt/rtt.o
                0x00400200                rtt_disable_interrupt
 .text.rtt_read_timer_value
                0x00400214       0x14 src/ASF/sam/drivers/rtt/rtt.o
                0x00400214                rtt_read_timer_value
 .text.rtt_get_status
                0x00400228        0x4 src/ASF/sam/drivers/rtt/rtt.o
                0x00400228                rtt_get_status
 .text.rtt_write_alarm_time
                0x0040022c       0x44 src/ASF/sam/drivers/rtt/rtt.o
                0x0040022c                rtt_write_alarm_time
 .text.spi_enable_clock
                0x00400270       0x2c src/ASF/sam/drivers/spi/spi.o
                0x00400270                spi_enable_clock
 .text.spi_set_peripheral_chip_select_value
                0x0040029c       0x16 src/ASF/sam/drivers/spi/spi.o
                0x0040029c                spi_set_peripheral_chip_select_value
 .text.spi_write
                0x004002b2       0x34 src/ASF/sam/drivers/spi/spi.o
                0x004002b2                spi_write
 .text.spi_set_clock_polarity
                0x004002e6       0x1e src/ASF/sam/drivers/spi/spi.o
                0x004002e6                spi_set_clock_polarity
 .text.spi_set_clock_phase
                0x00400304       0x1e src/ASF/sam/drivers/spi/spi.o
                0x00400304                spi_set_clock_phase
 .text.spi_configure_cs_behavior
                0x00400322       0x46 src/ASF/sam/drivers/spi/spi.o
                0x00400322                spi_configure_cs_behavior
 .text.spi_set_bits_per_transfer
                0x00400368       0x14 src/ASF/sam/drivers/spi/spi.o
                0x00400368                spi_set_bits_per_transfer
 .text.spi_calc_baudrate_div
                0x0040037c       0x16 src/ASF/sam/drivers/spi/spi.o
                0x0040037c                spi_calc_baudrate_div
 .text.spi_set_baudrate_div
                0x00400392       0x28 src/ASF/sam/drivers/spi/spi.o
                0x00400392                spi_set_baudrate_div
 .text.tc_init  0x004003ba       0x1a src/ASF/sam/drivers/tc/tc.o
                0x004003ba                tc_init
 .text.tc_start
                0x004003d4        0x8 src/ASF/sam/drivers/tc/tc.o
                0x004003d4                tc_start
 .text.tc_write_rc
                0x004003dc        0x8 src/ASF/sam/drivers/tc/tc.o
                0x004003dc                tc_write_rc
 .text.tc_enable_interrupt
                0x004003e4        0x8 src/ASF/sam/drivers/tc/tc.o
                0x004003e4                tc_enable_interrupt
 .text.tc_get_status
                0x004003ec        0x8 src/ASF/sam/drivers/tc/tc.o
                0x004003ec                tc_get_status
 .text.tc_find_mck_divisor
                0x004003f4       0x70 src/ASF/sam/drivers/tc/tc.o
                0x004003f4                tc_find_mck_divisor
 .text.gfx_mono_set_framebuffer
                0x00400464        0xc src/oled/gfx_mono_framebuffer.o
                0x00400464                gfx_mono_set_framebuffer
 .text.gfx_mono_framebuffer_put_byte
                0x00400470       0x10 src/oled/gfx_mono_framebuffer.o
                0x00400470                gfx_mono_framebuffer_put_byte
 .text.gfx_mono_framebuffer_get_byte
                0x00400480       0x10 src/oled/gfx_mono_framebuffer.o
                0x00400480                gfx_mono_framebuffer_get_byte
 .text.gfx_mono_generic_draw_horizontal_line
                0x00400490       0xd0 src/oled/gfx_mono_generic.o
                0x00400490                gfx_mono_generic_draw_horizontal_line
 .text.gfx_mono_generic_draw_vertical_line
                0x00400560       0xa0 src/oled/gfx_mono_generic.o
                0x00400560                gfx_mono_generic_draw_vertical_line
 .text.gfx_mono_generic_draw_filled_rect
                0x00400600       0x38 src/oled/gfx_mono_generic.o
                0x00400600                gfx_mono_generic_draw_filled_rect
 .text.gfx_mono_generic_draw_filled_circle
                0x00400638      0x11c src/oled/gfx_mono_generic.o
                0x00400638                gfx_mono_generic_draw_filled_circle
 .text.gfx_mono_draw_char
                0x00400754       0xac src/oled/gfx_mono_text.o
                0x00400754                gfx_mono_draw_char
 .text.gfx_mono_draw_string
                0x00400800       0x48 src/oled/gfx_mono_text.o
                0x00400800                gfx_mono_draw_string
 .text.gfx_mono_ssd1306_put_byte
                0x00400848       0x50 src/oled/gfx_mono_ug_2832hsweg04.o
                0x00400848                gfx_mono_ssd1306_put_byte
 .text.gfx_mono_ssd1306_init
                0x00400898       0x50 src/oled/gfx_mono_ug_2832hsweg04.o
                0x00400898                gfx_mono_ssd1306_init
 .text.gfx_mono_ssd1306_draw_pixel
                0x004008e8       0x64 src/oled/gfx_mono_ug_2832hsweg04.o
                0x004008e8                gfx_mono_ssd1306_draw_pixel
 .text.gfx_mono_ssd1306_get_byte
                0x0040094c        0xc src/oled/gfx_mono_ug_2832hsweg04.o
                0x0040094c                gfx_mono_ssd1306_get_byte
 .text.gfx_mono_ssd1306_mask_byte
                0x00400958       0x44 src/oled/gfx_mono_ug_2832hsweg04.o
                0x00400958                gfx_mono_ssd1306_mask_byte
 .text.ssd1306_write_command
                0x0040099c       0x40 src/oled/ssd1306.o
                0x0040099c                ssd1306_write_command
 .text.ssd1306_init
                0x004009dc      0x1e0 src/oled/ssd1306.o
                0x004009dc                ssd1306_init
 .text.ssd1306_write_data
                0x00400bbc       0x40 src/oled/ssd1306.o
                0x00400bbc                ssd1306_write_data
 .text.sysclk_init
                0x00400bfc       0x70 src/ASF/common/services/clock/same70/sysclk.o
                0x00400bfc                sysclk_init
 .text.board_init
                0x00400c6c      0x140 src/ASF/sam/boards/same70_xplained/init.o
                0x00400c6c                board_init
 .text.pio_set_debounce_filter
                0x00400dac       0x1a src/ASF/sam/drivers/pio/pio.o
                0x00400dac                pio_set_debounce_filter
 .text.pio_set  0x00400dc6        0x4 src/ASF/sam/drivers/pio/pio.o
                0x00400dc6                pio_set
 .text.pio_clear
                0x00400dca        0x4 src/ASF/sam/drivers/pio/pio.o
                0x00400dca                pio_clear
 .text.pio_set_peripheral
                0x00400dce       0x92 src/ASF/sam/drivers/pio/pio.o
                0x00400dce                pio_set_peripheral
 .text.pio_set_input
                0x00400e60       0x36 src/ASF/sam/drivers/pio/pio.o
                0x00400e60                pio_set_input
 .text.pio_set_output
                0x00400e96       0x28 src/ASF/sam/drivers/pio/pio.o
                0x00400e96                pio_set_output
 *fill*         0x00400ebe        0x2 
 .text.pio_configure
                0x00400ec0       0x90 src/ASF/sam/drivers/pio/pio.o
                0x00400ec0                pio_configure
 .text.pio_get_output_data_status
                0x00400f50        0xc src/ASF/sam/drivers/pio/pio.o
                0x00400f50                pio_get_output_data_status
 .text.pio_configure_interrupt
                0x00400f5c       0x32 src/ASF/sam/drivers/pio/pio.o
                0x00400f5c                pio_configure_interrupt
 .text.pio_enable_interrupt
                0x00400f8e        0x4 src/ASF/sam/drivers/pio/pio.o
                0x00400f8e                pio_enable_interrupt
 .text.pio_get_interrupt_status
                0x00400f92        0x4 src/ASF/sam/drivers/pio/pio.o
                0x00400f92                pio_get_interrupt_status
 .text.pio_get_interrupt_mask
                0x00400f96        0x4 src/ASF/sam/drivers/pio/pio.o
                0x00400f96                pio_get_interrupt_mask
 *fill*         0x00400f9a        0x2 
 .text.pio_handler_process
                0x00400f9c       0x50 src/ASF/sam/drivers/pio/pio_handler.o
                0x00400f9c                pio_handler_process
 .text.pio_handler_set
                0x00400fec       0x70 src/ASF/sam/drivers/pio/pio_handler.o
                0x00400fec                pio_handler_set
 .text.PIOA_Handler
                0x0040105c       0x14 src/ASF/sam/drivers/pio/pio_handler.o
                0x0040105c                PIOA_Handler
 .text.PIOB_Handler
                0x00401070       0x14 src/ASF/sam/drivers/pio/pio_handler.o
                0x00401070                PIOB_Handler
 .text.PIOC_Handler
                0x00401084       0x14 src/ASF/sam/drivers/pio/pio_handler.o
                0x00401084                PIOC_Handler
 .text.PIOD_Handler
                0x00401098       0x14 src/ASF/sam/drivers/pio/pio_handler.o
                0x00401098                PIOD_Handler
 .text.PIOE_Handler
                0x004010ac       0x14 src/ASF/sam/drivers/pio/pio_handler.o
                0x004010ac                PIOE_Handler
 .text.pmc_mck_set_division
                0x004010c0       0x38 src/ASF/sam/drivers/pmc/pmc.o
                0x004010c0                pmc_mck_set_division
 .text.pmc_switch_mck_to_pllack
                0x004010f8       0x64 src/ASF/sam/drivers/pmc/pmc.o
                0x004010f8                pmc_switch_mck_to_pllack
 .text.pmc_switch_mainck_to_xtal
                0x0040115c       0x54 src/ASF/sam/drivers/pmc/pmc.o
                0x0040115c                pmc_switch_mainck_to_xtal
 .text.pmc_osc_is_ready_mainck
                0x004011b0       0x10 src/ASF/sam/drivers/pmc/pmc.o
                0x004011b0                pmc_osc_is_ready_mainck
 .text.pmc_disable_pllack
                0x004011c0       0x10 src/ASF/sam/drivers/pmc/pmc.o
                0x004011c0                pmc_disable_pllack
 .text.pmc_is_locked_pllack
                0x004011d0       0x10 src/ASF/sam/drivers/pmc/pmc.o
                0x004011d0                pmc_is_locked_pllack
 .text.pmc_enable_periph_clk
                0x004011e0       0x54 src/ASF/sam/drivers/pmc/pmc.o
                0x004011e0                pmc_enable_periph_clk
 .text.Dummy_Handler
                0x00401234        0x2 src/ASF/sam/utils/cmsis/same70/source/templates/gcc/startup_same70.o
                0x00401234                DACC_Handler
                0x00401234                DebugMon_Handler
                0x00401234                UART3_Handler
                0x00401234                UART2_Handler
                0x00401234                TRNG_Handler
                0x00401234                HardFault_Handler
                0x00401234                TC2_Handler
                0x00401234                SysTick_Handler
                0x00401234                AFEC1_Handler
                0x00401234                PendSV_Handler
                0x00401234                NMI_Handler
                0x00401234                TC7_Handler
                0x00401234                QSPI_Handler
                0x00401234                ISI_Handler
                0x00401234                TC9_Handler
                0x00401234                RSWDT_Handler
                0x00401234                MCAN1_Handler
                0x00401234                USART0_Handler
                0x00401234                USBHS_Handler
                0x00401234                RTC_Handler
                0x00401234                UsageFault_Handler
                0x00401234                TC6_Handler
                0x00401234                WDT_Handler
                0x00401234                TC4_Handler
                0x00401234                HSMCI_Handler
                0x00401234                UART1_Handler
                0x00401234                Dummy_Handler
                0x00401234                TWIHS1_Handler
                0x00401234                XDMAC_Handler
                0x00401234                UART4_Handler
                0x00401234                PWM1_Handler
                0x00401234                USART1_Handler
                0x00401234                PWM0_Handler
                0x00401234                AFEC0_Handler
                0x00401234                SSC_Handler
                0x00401234                TC11_Handler
                0x00401234                ACC_Handler
                0x00401234                PMC_Handler
                0x00401234                GMAC_Handler
                0x00401234                MemManage_Handler
                0x00401234                SUPC_Handler
                0x00401234                SVC_Handler
                0x00401234                EFC_Handler
                0x00401234                USART2_Handler
                0x00401234                SDRAMC_Handler
                0x00401234                SPI1_Handler
                0x00401234                MCAN0_Handler
                0x00401234                TC10_Handler
                0x00401234                TWIHS2_Handler
                0x00401234                UART0_Handler
                0x00401234                BusFault_Handler
                0x00401234                RSTC_Handler
                0x00401234                TC0_Handler
                0x00401234                TC5_Handler
                0x00401234                ICM_Handler
                0x00401234                AES_Handler
                0x00401234                TWIHS0_Handler
                0x00401234                SPI0_Handler
 *fill*         0x00401236        0x2 
 .text.Reset_Handler
                0x00401238       0xc8 src/ASF/sam/utils/cmsis/same70/source/templates/gcc/startup_same70.o
                0x00401238                Reset_Handler
 .text.SystemCoreClockUpdate
                0x00401300      0x10c src/ASF/sam/utils/cmsis/same70/source/templates/system_same70.o
                0x00401300                SystemCoreClockUpdate
 .text.system_init_flash
                0x0040140c       0x8c src/ASF/sam/utils/cmsis/same70/source/templates/system_same70.o
                0x0040140c                system_init_flash
 .text.but1_callback
                0x00401498       0x14 src/main.o
                0x00401498                but1_callback
 .text.but2_callback
                0x004014ac       0x14 src/main.o
                0x004014ac                but2_callback
 .text.but3_callback
                0x004014c0       0x14 src/main.o
                0x004014c0                but3_callback
 .text.TC1_Handler
                0x004014d4       0x28 src/main.o
                0x004014d4                TC1_Handler
 .text.TC8_Handler
                0x004014fc       0x28 src/main.o
                0x004014fc                TC8_Handler
 .text.TC3_Handler
                0x00401524       0x28 src/main.o
                0x00401524                TC3_Handler
 .text.rtt_set_alarm
                0x0040154c       0x74 src/main.o
                0x0040154c                rtt_set_alarm
 .text.RTT_Handler
                0x004015c0       0x34 src/main.o
                0x004015c0                RTT_Handler
 .text.leds_init
                0x004015f4       0x74 src/main.o
                0x004015f4                leds_init
 .text.buttons_init
                0x00401668      0x118 src/main.o
                0x00401668                buttons_init
 .text.TC_init  0x00401780       0x94 src/main.o
                0x00401780                TC_init
 .text.pin_toggle
                0x00401814       0x2c src/main.o
                0x00401814                pin_toggle
 .text.io_init  0x00401840       0x14 src/main.o
                0x00401840                io_init
 .text.main     0x00401854      0x134 src/main.o
                0x00401854                main
 .text.__libc_init_array
                0x00401988       0x50 c:/program files (x86)/atmel/studio/7.0/toolchain/arm/arm-gnu-toolchain/bin/../lib/gcc/arm-none-eabi/6.3.1/../../../../arm-none-eabi/lib/thumb/v7e-m\libc.a(lib_a-init.o)
                0x00401988                __libc_init_array
 .text.startup.register_fini
                0x004019d8       0x14 c:/program files (x86)/atmel/studio/7.0/toolchain/arm/arm-gnu-toolchain/bin/../lib/gcc/arm-none-eabi/6.3.1/../../../../arm-none-eabi/lib/thumb/v7e-m\libc.a(lib_a-__call_atexit.o)
 .text.atexit   0x004019ec        0xc c:/program files (x86)/atmel/studio/7.0/toolchain/arm/arm-gnu-toolchain/bin/../lib/gcc/arm-none-eabi/6.3.1/../../../../arm-none-eabi/lib/thumb/v7e-m\libc.a(lib_a-atexit.o)
                0x004019ec                atexit
 .text.__libc_fini_array
                0x004019f8       0x34 c:/program files (x86)/atmel/studio/7.0/toolchain/arm/arm-gnu-toolchain/bin/../lib/gcc/arm-none-eabi/6.3.1/../../../../arm-none-eabi/lib/thumb/v7e-m\libc.a(lib_a-fini.o)
                0x004019f8                __libc_fini_array
 .text.__retarget_lock_acquire_recursive
                0x00401a2c        0x4 c:/program files (x86)/atmel/studio/7.0/toolchain/arm/arm-gnu-toolchain/bin/../lib/gcc/arm-none-eabi/6.3.1/../../../../arm-none-eabi/lib/thumb/v7e-m\libc.a(lib_a-lock.o)
                0x00401a2c                __retarget_lock_acquire_recursive
 .text.__retarget_lock_release_recursive
                0x00401a30        0x4 c:/program files (x86)/atmel/studio/7.0/toolchain/arm/arm-gnu-toolchain/bin/../lib/gcc/arm-none-eabi/6.3.1/../../../../arm-none-eabi/lib/thumb/v7e-m\libc.a(lib_a-lock.o)
                0x00401a30                __retarget_lock_release_recursive
 .text.__register_exitproc
                0x00401a34       0xc4 c:/program files (x86)/atmel/studio/7.0/toolchain/arm/arm-gnu-toolchain/bin/../lib/gcc/arm-none-eabi/6.3.1/../../../../arm-none-eabi/lib/thumb/v7e-m\libc.a(lib_a-__atexit.o)
                0x00401a34                __register_exitproc
 *(.glue_7t)
 .glue_7t       0x00401af8        0x0 linker stubs
 *(.glue_7)
 .glue_7        0x00401af8        0x0 linker stubs
 *(.rodata .rodata* .gnu.linkonce.r.*)
 .rodata.sysfont_glyphs
                0x00401af8      0xa48 src/oled/sysfont.o
 .rodata.main.str1.4
                0x00402540       0x10 src/main.o
 .rodata._global_impure_ptr
                0x00402550        0x4 c:/program files (x86)/atmel/studio/7.0/toolchain/arm/arm-gnu-toolchain/bin/../lib/gcc/arm-none-eabi/6.3.1/../../../../arm-none-eabi/lib/thumb/v7e-m\libc.a(lib_a-impure.o)
                0x00402550                _global_impure_ptr
 *(.ARM.extab* .gnu.linkonce.armextab.*)
                0x00402554                . = ALIGN (0x4)
 *(.init)
 .init          0x00402554        0x4 c:/program files (x86)/atmel/studio/7.0/toolchain/arm/arm-gnu-toolchain/bin/../lib/gcc/arm-none-eabi/6.3.1/thumb/v7e-m/crti.o
                0x00402554                _init
 .init          0x00402558        0x8 c:/program files (x86)/atmel/studio/7.0/toolchain/arm/arm-gnu-toolchain/bin/../lib/gcc/arm-none-eabi/6.3.1/thumb/v7e-m/crtn.o
                0x00402560                . = ALIGN (0x4)
                0x00402560                __preinit_array_start = .
 *(.preinit_array)
                0x00402560                __preinit_array_end = .
                0x00402560                . = ALIGN (0x4)
                0x00402560                __init_array_start = .
 *(SORT(.init_array.*))
 .init_array.00000
                0x00402560        0x4 c:/program files (x86)/atmel/studio/7.0/toolchain/arm/arm-gnu-toolchain/bin/../lib/gcc/arm-none-eabi/6.3.1/../../../../arm-none-eabi/lib/thumb/v7e-m\libc.a(lib_a-__call_atexit.o)
 *(.init_array)
 .init_array    0x00402564        0x4 c:/program files (x86)/atmel/studio/7.0/toolchain/arm/arm-gnu-toolchain/bin/../lib/gcc/arm-none-eabi/6.3.1/thumb/v7e-m/crtbegin.o
                0x00402568                __init_array_end = .
                0x00402568                . = ALIGN (0x4)
 *crtbegin.o(.ctors)
 *(EXCLUDE_FILE(*crtend.o) .ctors)
 *(SORT(.ctors.*))
 *crtend.o(.ctors)
                0x00402568                . = ALIGN (0x4)
 *(.fini)
 .fini          0x00402568        0x4 c:/program files (x86)/atmel/studio/7.0/toolchain/arm/arm-gnu-toolchain/bin/../lib/gcc/arm-none-eabi/6.3.1/thumb/v7e-m/crti.o
                0x00402568                _fini
 .fini          0x0040256c        0x8 c:/program files (x86)/atmel/studio/7.0/toolchain/arm/arm-gnu-toolchain/bin/../lib/gcc/arm-none-eabi/6.3.1/thumb/v7e-m/crtn.o
                0x00402574                . = ALIGN (0x4)
                0x00402574                __fini_array_start = .
 *(.fini_array)
 .fini_array    0x00402574        0x4 c:/program files (x86)/atmel/studio/7.0/toolchain/arm/arm-gnu-toolchain/bin/../lib/gcc/arm-none-eabi/6.3.1/thumb/v7e-m/crtbegin.o
 *(SORT(.fini_array.*))
                0x00402578                __fini_array_end = .
 *crtbegin.o(.dtors)
 *(EXCLUDE_FILE(*crtend.o) .dtors)
 *(SORT(.dtors.*))
 *crtend.o(.dtors)
                0x00402578                . = ALIGN (0x4)
                0x00402578                _efixed = .
                [!provide]                PROVIDE (__exidx_start, .)

.vfp11_veneer   0x00402578        0x0
 .vfp11_veneer  0x00402578        0x0 linker stubs

.v4_bx          0x00402578        0x0
 .v4_bx         0x00402578        0x0 linker stubs

.iplt           0x00402578        0x0
 .iplt          0x00402578        0x0 c:/program files (x86)/atmel/studio/7.0/toolchain/arm/arm-gnu-toolchain/bin/../lib/gcc/arm-none-eabi/6.3.1/thumb/v7e-m/crtbegin.o

.eh_frame       0x00402578        0x0
 .eh_frame      0x00402578        0x0 c:/program files (x86)/atmel/studio/7.0/toolchain/arm/arm-gnu-toolchain/bin/../lib/gcc/arm-none-eabi/6.3.1/thumb/v7e-m/crtbegin.o

.rel.dyn        0x00402578        0x0
 .rel.iplt      0x00402578        0x0 c:/program files (x86)/atmel/studio/7.0/toolchain/arm/arm-gnu-toolchain/bin/../lib/gcc/arm-none-eabi/6.3.1/thumb/v7e-m/crtbegin.o

.jcr            0x00402578        0x0
 .jcr           0x00402578        0x0 c:/program files (x86)/atmel/studio/7.0/toolchain/arm/arm-gnu-toolchain/bin/../lib/gcc/arm-none-eabi/6.3.1/thumb/v7e-m/crtbegin.o

.igot.plt       0x00402578        0x0
 .igot.plt      0x00402578        0x0 c:/program files (x86)/atmel/studio/7.0/toolchain/arm/arm-gnu-toolchain/bin/../lib/gcc/arm-none-eabi/6.3.1/thumb/v7e-m/crtbegin.o

.ARM.exidx
 *(.ARM.exidx* .gnu.linkonce.armexidx.*)
                [!provide]                PROVIDE (__exidx_end, .)
                0x00402578                . = ALIGN (0x4)
                0x00402578                _etext = .

.relocate       0x20400000      0x454 load address 0x00402578
                0x20400000                . = ALIGN (0x4)
                0x20400000                _srelocate = .
 *(.ramfunc .ramfunc.*)
 .ramfunc       0x20400000        0xa src/ASF/common/services/delay/sam/cycle_counter.o
                0x20400000                portable_delay_cycles
 *(.data .data.*)
 *fill*         0x2040000a        0x2 
 .data.sysfont  0x2040000c        0xc src/oled/sysfont.o
                0x2040000c                sysfont
 .data.g_interrupt_enabled
                0x20400018        0x1 src/ASF/common/utils/interrupt/interrupt_sam_nvic.o
                0x20400018                g_interrupt_enabled
 *fill*         0x20400019        0x3 
 .data.SystemCoreClock
                0x2040001c        0x4 src/ASF/sam/utils/cmsis/same70/source/templates/system_same70.o
                0x2040001c                SystemCoreClock
 .data.flag_rtt_alarme
                0x20400020        0x1 src/main.o
                0x20400020                flag_rtt_alarme
 .data.led1_on  0x20400021        0x1 src/main.o
                0x20400021                led1_on
 .data.led3_on  0x20400022        0x1 src/main.o
                0x20400022                led3_on
 *fill*         0x20400023        0x5 
 .data.impure_data
                0x20400028      0x428 c:/program files (x86)/atmel/studio/7.0/toolchain/arm/arm-gnu-toolchain/bin/../lib/gcc/arm-none-eabi/6.3.1/../../../../arm-none-eabi/lib/thumb/v7e-m\libc.a(lib_a-impure.o)
 .data.__atexit_recursive_mutex
                0x20400450        0x4 c:/program files (x86)/atmel/studio/7.0/toolchain/arm/arm-gnu-toolchain/bin/../lib/gcc/arm-none-eabi/6.3.1/../../../../arm-none-eabi/lib/thumb/v7e-m\libc.a(lib_a-__call_atexit.o)
                0x20400450                __atexit_recursive_mutex
                0x20400454                . = ALIGN (0x4)
                0x20400454                _erelocate = .

.bss            0x20400454      0x2c0 load address 0x004029cc
                0x20400454                . = ALIGN (0x4)
                0x20400454                _sbss = .
                0x20400454                _szero = .
 *(.bss .bss.*)
 .bss           0x20400454       0x1c c:/program files (x86)/atmel/studio/7.0/toolchain/arm/arm-gnu-toolchain/bin/../lib/gcc/arm-none-eabi/6.3.1/thumb/v7e-m/crtbegin.o
 .bss.g_wobits_in_rtt_mr
                0x20400470        0x4 src/ASF/sam/drivers/rtt/rtt.o
 .bss.fbpointer
                0x20400474        0x4 src/oled/gfx_mono_framebuffer.o
 .bss.framebuffer
                0x20400478      0x200 src/oled/gfx_mono_ug_2832hsweg04.o
 .bss.gs_interrupt_sources
                0x20400678       0x70 src/ASF/sam/drivers/pio/pio_handler.o
 .bss.gs_ul_nb_sources
                0x204006e8        0x4 src/ASF/sam/drivers/pio/pio_handler.o
 .bss.flag_tc1  0x204006ec        0x1 src/main.o
                0x204006ec                flag_tc1
 .bss.flag_tc2  0x204006ed        0x1 src/main.o
                0x204006ed                flag_tc2
 .bss.flag_tc3  0x204006ee        0x1 src/main.o
                0x204006ee                flag_tc3
 .bss.led2_on   0x204006ef        0x1 src/main.o
                0x204006ef                led2_on
 *(COMMON)
 COMMON         0x204006f0       0x21 c:/program files (x86)/atmel/studio/7.0/toolchain/arm/arm-gnu-toolchain/bin/../lib/gcc/arm-none-eabi/6.3.1/../../../../arm-none-eabi/lib/thumb/v7e-m\libc.a(lib_a-lock.o)
                0x204006f0                __lock___atexit_recursive_mutex
                0x204006f4                __lock___arc4random_mutex
                0x204006f8                __lock___env_recursive_mutex
                0x204006fc                __lock___sinit_recursive_mutex
                0x20400700                __lock___malloc_recursive_mutex
                0x20400704                __lock___at_quick_exit_mutex
                0x20400708                __lock___dd_hash_mutex
                0x2040070c                __lock___tz_mutex
                0x20400710                __lock___sfp_recursive_mutex
                0x20400714                . = ALIGN (0x4)
 *fill*         0x20400711        0x3 
                0x20400714                _ebss = .
                0x20400714                _ezero = .

.stack          0x20400714     0x2004 load address 0x00402c8c
                0x20400718                . = ALIGN (0x8)
 *fill*         0x20400714        0x4 
                0x20400718                _sstack = .
                0x20402718                . = (. + STACK_SIZE)
 *fill*         0x20400718     0x2000 
                0x20402718                . = ALIGN (0x8)
                0x20402718                _estack = .

.heap           0x20402718      0x200 load address 0x00404c90
                0x20402718                . = ALIGN (0x8)
                0x20402718                _sheap = .
                0x20402918                . = (. + HEAP_SIZE)
 *fill*         0x20402718      0x200 
                0x20402918                . = ALIGN (0x8)
                0x20402918                _eheap = .
                0x20402918                . = ALIGN (0x4)
                0x20402918                _end = .
                0x2045ffff                _ram_end_ = ((ORIGIN (ram) + LENGTH (ram)) - 0x1)
OUTPUT(OLED1.elf elf32-littlearm)

.ARM.attributes
                0x00000000       0x2e
 .ARM.attributes
                0x00000000       0x1e c:/program files (x86)/atmel/studio/7.0/toolchain/arm/arm-gnu-toolchain/bin/../lib/gcc/arm-none-eabi/6.3.1/thumb/v7e-m/crti.o
 .ARM.attributes
                0x0000001e       0x2e c:/program files (x86)/atmel/studio/7.0/toolchain/arm/arm-gnu-toolchain/bin/../lib/gcc/arm-none-eabi/6.3.1/thumb/v7e-m/crtbegin.o
 .ARM.attributes
                0x0000004c       0x37 src/ASF/sam/drivers/rtt/rtt.o
 .ARM.attributes
                0x00000083       0x37 src/ASF/sam/drivers/spi/spi.o
 .ARM.attributes
                0x000000ba       0x37 src/ASF/sam/drivers/tc/tc.o
 .ARM.attributes
                0x000000f1       0x37 src/oled/gfx_mono_framebuffer.o
 .ARM.attributes
                0x00000128       0x37 src/oled/gfx_mono_generic.o
 .ARM.attributes
                0x0000015f       0x37 src/oled/gfx_mono_text.o
 .ARM.attributes
                0x00000196       0x37 src/oled/gfx_mono_ug_2832hsweg04.o
 .ARM.attributes
                0x000001cd       0x37 src/oled/ssd1306.o
 .ARM.attributes
                0x00000204       0x37 src/oled/sysfont.o
 .ARM.attributes
                0x0000023b       0x37 src/ASF/common/services/delay/sam/cycle_counter.o
 .ARM.attributes
                0x00000272       0x37 src/ASF/common/services/clock/same70/sysclk.o
 .ARM.attributes
                0x000002a9       0x37 src/ASF/common/utils/interrupt/interrupt_sam_nvic.o
 .ARM.attributes
                0x000002e0       0x37 src/ASF/sam/boards/same70_xplained/init.o
 .ARM.attributes
                0x00000317       0x37 src/ASF/sam/drivers/pio/pio.o
 .ARM.attributes
                0x0000034e       0x37 src/ASF/sam/drivers/pio/pio_handler.o
 .ARM.attributes
                0x00000385       0x37 src/ASF/sam/drivers/pmc/pmc.o
 .ARM.attributes
                0x000003bc       0x37 src/ASF/sam/utils/cmsis/same70/source/templates/gcc/startup_same70.o
 .ARM.attributes
                0x000003f3       0x37 src/ASF/sam/utils/cmsis/same70/source/templates/system_same70.o
 .ARM.attributes
                0x0000042a       0x37 src/main.o
 .ARM.attributes
                0x00000461       0x2e c:/program files (x86)/atmel/studio/7.0/toolchain/arm/arm-gnu-toolchain/bin/../lib/gcc/arm-none-eabi/6.3.1/../../../../arm-none-eabi/lib/thumb/v7e-m\libc.a(lib_a-impure.o)
 .ARM.attributes
                0x0000048f       0x2e c:/program files (x86)/atmel/studio/7.0/toolchain/arm/arm-gnu-toolchain/bin/../lib/gcc/arm-none-eabi/6.3.1/../../../../arm-none-eabi/lib/thumb/v7e-m\libc.a(lib_a-init.o)
 .ARM.attributes
                0x000004bd       0x2e c:/program files (x86)/atmel/studio/7.0/toolchain/arm/arm-gnu-toolchain/bin/../lib/gcc/arm-none-eabi/6.3.1/../../../../arm-none-eabi/lib/thumb/v7e-m\libc.a(lib_a-__call_atexit.o)
 .ARM.attributes
                0x000004eb       0x2e c:/program files (x86)/atmel/studio/7.0/toolchain/arm/arm-gnu-toolchain/bin/../lib/gcc/arm-none-eabi/6.3.1/../../../../arm-none-eabi/lib/thumb/v7e-m\libc.a(lib_a-atexit.o)
 .ARM.attributes
                0x00000519       0x2e c:/program files (x86)/atmel/studio/7.0/toolchain/arm/arm-gnu-toolchain/bin/../lib/gcc/arm-none-eabi/6.3.1/../../../../arm-none-eabi/lib/thumb/v7e-m\libc.a(lib_a-fini.o)
 .ARM.attributes
                0x00000547       0x2e c:/program files (x86)/atmel/studio/7.0/toolchain/arm/arm-gnu-toolchain/bin/../lib/gcc/arm-none-eabi/6.3.1/../../../../arm-none-eabi/lib/thumb/v7e-m\libc.a(lib_a-lock.o)
 .ARM.attributes
                0x00000575       0x2e c:/program files (x86)/atmel/studio/7.0/toolchain/arm/arm-gnu-toolchain/bin/../lib/gcc/arm-none-eabi/6.3.1/../../../../arm-none-eabi/lib/thumb/v7e-m\libc.a(lib_a-__atexit.o)
 .ARM.attributes
                0x000005a3       0x1e c:/program files (x86)/atmel/studio/7.0/toolchain/arm/arm-gnu-toolchain/bin/../lib/gcc/arm-none-eabi/6.3.1/thumb/v7e-m/crtn.o

.comment        0x00000000       0x59
 .comment       0x00000000       0x59 src/ASF/sam/drivers/rtt/rtt.o
                                 0x5a (size before relaxing)
 .comment       0x00000059       0x5a src/ASF/sam/drivers/spi/spi.o
 .comment       0x00000059       0x5a src/ASF/sam/drivers/tc/tc.o
 .comment       0x00000059       0x5a src/oled/gfx_mono_framebuffer.o
 .comment       0x00000059       0x5a src/oled/gfx_mono_generic.o
 .comment       0x00000059       0x5a src/oled/gfx_mono_text.o
 .comment       0x00000059       0x5a src/oled/gfx_mono_ug_2832hsweg04.o
 .comment       0x00000059       0x5a src/oled/ssd1306.o
 .comment       0x00000059       0x5a src/oled/sysfont.o
 .comment       0x00000059       0x5a src/ASF/common/services/delay/sam/cycle_counter.o
 .comment       0x00000059       0x5a src/ASF/common/services/clock/same70/sysclk.o
 .comment       0x00000059       0x5a src/ASF/common/utils/interrupt/interrupt_sam_nvic.o
 .comment       0x00000059       0x5a src/ASF/sam/boards/same70_xplained/init.o
 .comment       0x00000059       0x5a src/ASF/sam/drivers/pio/pio.o
 .comment       0x00000059       0x5a src/ASF/sam/drivers/pio/pio_handler.o
 .comment       0x00000059       0x5a src/ASF/sam/drivers/pmc/pmc.o
 .comment       0x00000059       0x5a src/ASF/sam/utils/cmsis/same70/source/templates/gcc/startup_same70.o
 .comment       0x00000059       0x5a src/ASF/sam/utils/cmsis/same70/source/templates/system_same70.o
 .comment       0x00000059       0x5a src/main.o

.debug_info     0x00000000    0x17e34
 .debug_info    0x00000000      0xcd1 src/ASF/sam/drivers/rtt/rtt.o
 .debug_info    0x00000cd1     0x115d src/ASF/sam/drivers/spi/spi.o
 .debug_info    0x00001e2e     0x1230 src/ASF/sam/drivers/tc/tc.o
 .debug_info    0x0000305e      0xdd2 src/oled/gfx_mono_framebuffer.o
 .debug_info    0x00003e30     0x157d src/oled/gfx_mono_generic.o
 .debug_info    0x000053ad      0xf6a src/oled/gfx_mono_text.o
 .debug_info    0x00006317     0x11a0 src/oled/gfx_mono_ug_2832hsweg04.o
 .debug_info    0x000074b7     0x1fae src/oled/ssd1306.o
 .debug_info    0x00009465      0xb06 src/oled/sysfont.o
 .debug_info    0x00009f6b      0xa45 src/ASF/common/services/delay/sam/cycle_counter.o
 .debug_info    0x0000a9b0     0x1267 src/ASF/common/services/clock/same70/sysclk.o
 .debug_info    0x0000bc17      0xb01 src/ASF/common/utils/interrupt/interrupt_sam_nvic.o
 .debug_info    0x0000c718     0x1bd7 src/ASF/sam/boards/same70_xplained/init.o
 .debug_info    0x0000e2ef     0x2150 src/ASF/sam/drivers/pio/pio.o
 .debug_info    0x0001043f     0x1b22 src/ASF/sam/drivers/pio/pio_handler.o
 .debug_info    0x00011f61     0x1e0e src/ASF/sam/drivers/pmc/pmc.o
 .debug_info    0x00013d6f     0x156a src/ASF/sam/utils/cmsis/same70/source/templates/gcc/startup_same70.o
 .debug_info    0x000152d9      0x55b src/ASF/sam/utils/cmsis/same70/source/templates/system_same70.o
 .debug_info    0x00015834     0x2600 src/main.o

.debug_abbrev   0x00000000     0x35c1
 .debug_abbrev  0x00000000      0x256 src/ASF/sam/drivers/rtt/rtt.o
 .debug_abbrev  0x00000256      0x3a5 src/ASF/sam/drivers/spi/spi.o
 .debug_abbrev  0x000005fb      0x293 src/ASF/sam/drivers/tc/tc.o
 .debug_abbrev  0x0000088e      0x284 src/oled/gfx_mono_framebuffer.o
 .debug_abbrev  0x00000b12      0x2a2 src/oled/gfx_mono_generic.o
 .debug_abbrev  0x00000db4      0x30a src/oled/gfx_mono_text.o
 .debug_abbrev  0x000010be      0x34b src/oled/gfx_mono_ug_2832hsweg04.o
 .debug_abbrev  0x00001409      0x35e src/oled/ssd1306.o
 .debug_abbrev  0x00001767      0x1b6 src/oled/sysfont.o
 .debug_abbrev  0x0000191d      0x1b3 src/ASF/common/services/delay/sam/cycle_counter.o
 .debug_abbrev  0x00001ad0      0x31f src/ASF/common/services/clock/same70/sysclk.o
 .debug_abbrev  0x00001def      0x212 src/ASF/common/utils/interrupt/interrupt_sam_nvic.o
 .debug_abbrev  0x00002001      0x368 src/ASF/sam/boards/same70_xplained/init.o
 .debug_abbrev  0x00002369      0x410 src/ASF/sam/drivers/pio/pio.o
 .debug_abbrev  0x00002779      0x32f src/ASF/sam/drivers/pio/pio_handler.o
 .debug_abbrev  0x00002aa8      0x369 src/ASF/sam/drivers/pmc/pmc.o
 .debug_abbrev  0x00002e11      0x2e4 src/ASF/sam/utils/cmsis/same70/source/templates/gcc/startup_same70.o
 .debug_abbrev  0x000030f5      0x102 src/ASF/sam/utils/cmsis/same70/source/templates/system_same70.o
 .debug_abbrev  0x000031f7      0x3ca src/main.o

.debug_loc      0x00000000     0x5a61
 .debug_loc     0x00000000      0x1c7 src/ASF/sam/drivers/rtt/rtt.o
 .debug_loc     0x000001c7      0x610 src/ASF/sam/drivers/spi/spi.o
 .debug_loc     0x000007d7      0x5a4 src/ASF/sam/drivers/tc/tc.o
 .debug_loc     0x00000d7b      0x506 src/oled/gfx_mono_framebuffer.o
 .debug_loc     0x00001281      0xda8 src/oled/gfx_mono_generic.o
 .debug_loc     0x00002029      0x66a src/oled/gfx_mono_text.o
 .debug_loc     0x00002693      0x6ee src/oled/gfx_mono_ug_2832hsweg04.o
 .debug_loc     0x00002d81      0x365 src/oled/ssd1306.o
 .debug_loc     0x000030e6      0x183 src/ASF/common/services/clock/same70/sysclk.o
 .debug_loc     0x00003269      0x1e7 src/ASF/sam/boards/same70_xplained/init.o
 .debug_loc     0x00003450      0xea4 src/ASF/sam/drivers/pio/pio.o
 .debug_loc     0x000042f4      0x588 src/ASF/sam/drivers/pio/pio_handler.o
 .debug_loc     0x0000487c      0xce3 src/ASF/sam/drivers/pmc/pmc.o
 .debug_loc     0x0000555f       0x77 src/ASF/sam/utils/cmsis/same70/source/templates/gcc/startup_same70.o
 .debug_loc     0x000055d6      0x48b src/main.o

.debug_aranges  0x00000000      0x938
 .debug_aranges
                0x00000000       0x60 src/ASF/sam/drivers/rtt/rtt.o
 .debug_aranges
                0x00000060       0x90 src/ASF/sam/drivers/spi/spi.o
 .debug_aranges
                0x000000f0       0xd0 src/ASF/sam/drivers/tc/tc.o
 .debug_aranges
                0x000001c0       0x58 src/oled/gfx_mono_framebuffer.o
 .debug_aranges
                0x00000218       0x58 src/oled/gfx_mono_generic.o
 .debug_aranges
                0x00000270       0x40 src/oled/gfx_mono_text.o
 .debug_aranges
                0x000002b0       0x60 src/oled/gfx_mono_ug_2832hsweg04.o
 .debug_aranges
                0x00000310       0x30 src/oled/ssd1306.o
 .debug_aranges
                0x00000340       0x18 src/oled/sysfont.o
 .debug_aranges
                0x00000358       0x20 src/ASF/common/services/delay/sam/cycle_counter.o
 .debug_aranges
                0x00000378       0x40 src/ASF/common/services/clock/same70/sysclk.o
 .debug_aranges
                0x000003b8       0x28 src/ASF/common/utils/interrupt/interrupt_sam_nvic.o
 .debug_aranges
                0x000003e0       0x20 src/ASF/sam/boards/same70_xplained/init.o
 .debug_aranges
                0x00000400      0x1a8 src/ASF/sam/drivers/pio/pio.o
 .debug_aranges
                0x000005a8       0x60 src/ASF/sam/drivers/pio/pio_handler.o
 .debug_aranges
                0x00000608      0x250 src/ASF/sam/drivers/pmc/pmc.o
 .debug_aranges
                0x00000858       0x28 src/ASF/sam/utils/cmsis/same70/source/templates/gcc/startup_same70.o
 .debug_aranges
                0x00000880       0x30 src/ASF/sam/utils/cmsis/same70/source/templates/system_same70.o
 .debug_aranges
                0x000008b0       0x88 src/main.o

.debug_ranges   0x00000000      0x968
 .debug_ranges  0x00000000       0x50 src/ASF/sam/drivers/rtt/rtt.o
 .debug_ranges  0x00000050       0x80 src/ASF/sam/drivers/spi/spi.o
 .debug_ranges  0x000000d0       0xc0 src/ASF/sam/drivers/tc/tc.o
 .debug_ranges  0x00000190       0x48 src/oled/gfx_mono_framebuffer.o
 .debug_ranges  0x000001d8       0x48 src/oled/gfx_mono_generic.o
 .debug_ranges  0x00000220       0x48 src/oled/gfx_mono_text.o
 .debug_ranges  0x00000268       0x80 src/oled/gfx_mono_ug_2832hsweg04.o
 .debug_ranges  0x000002e8       0x20 src/oled/ssd1306.o
 .debug_ranges  0x00000308       0x10 src/ASF/common/services/delay/sam/cycle_counter.o
 .debug_ranges  0x00000318       0x30 src/ASF/common/services/clock/same70/sysclk.o
 .debug_ranges  0x00000348       0x18 src/ASF/common/utils/interrupt/interrupt_sam_nvic.o
 .debug_ranges  0x00000360       0x10 src/ASF/sam/boards/same70_xplained/init.o
 .debug_ranges  0x00000370      0x2a0 src/ASF/sam/drivers/pio/pio.o
 .debug_ranges  0x00000610       0x68 src/ASF/sam/drivers/pio/pio_handler.o
 .debug_ranges  0x00000678      0x240 src/ASF/sam/drivers/pmc/pmc.o
 .debug_ranges  0x000008b8       0x18 src/ASF/sam/utils/cmsis/same70/source/templates/gcc/startup_same70.o
 .debug_ranges  0x000008d0       0x20 src/ASF/sam/utils/cmsis/same70/source/templates/system_same70.o
 .debug_ranges  0x000008f0       0x78 src/main.o

.debug_macro    0x00000000     0x9f14
 .debug_macro   0x00000000      0x660 src/ASF/sam/drivers/rtt/rtt.o
 .debug_macro   0x00000660      0x6d9 src/ASF/sam/drivers/spi/spi.o
 .debug_macro   0x00000d39       0x10 src/ASF/sam/drivers/spi/spi.o
 .debug_macro   0x00000d49       0x3a src/ASF/sam/drivers/spi/spi.o
 .debug_macro   0x00000d83      0x2c6 src/ASF/sam/drivers/spi/spi.o
 .debug_macro   0x00001049      0xa96 src/ASF/sam/drivers/spi/spi.o
 .debug_macro   0x00001adf       0x70 src/ASF/sam/drivers/spi/spi.o
 .debug_macro   0x00001b4f       0x64 src/ASF/sam/drivers/spi/spi.o
 .debug_macro   0x00001bb3       0x5f src/ASF/sam/drivers/spi/spi.o
 .debug_macro   0x00001c12       0xac src/ASF/sam/drivers/spi/spi.o
 .debug_macro   0x00001cbe      0x66c src/ASF/sam/drivers/tc/tc.o
 .debug_macro   0x0000232a       0x52 src/ASF/sam/drivers/tc/tc.o
 .debug_macro   0x0000237c       0x8d src/ASF/sam/drivers/tc/tc.o
 .debug_macro   0x00002409       0x16 src/ASF/sam/drivers/tc/tc.o
 .debug_macro   0x0000241f       0x57 src/ASF/sam/drivers/tc/tc.o
 .debug_macro   0x00002476       0x1c src/ASF/sam/drivers/tc/tc.o
 .debug_macro   0x00002492      0x7e6 src/oled/gfx_mono_framebuffer.o
 .debug_macro   0x00002c78       0x50 src/oled/gfx_mono_framebuffer.o
 .debug_macro   0x00002cc8       0x22 src/oled/gfx_mono_framebuffer.o
 .debug_macro   0x00002cea       0x7b src/oled/gfx_mono_framebuffer.o
 .debug_macro   0x00002d65       0x28 src/oled/gfx_mono_framebuffer.o
 .debug_macro   0x00002d8d       0x23 src/oled/gfx_mono_framebuffer.o
 .debug_macro   0x00002db0       0x94 src/oled/gfx_mono_framebuffer.o
 .debug_macro   0x00002e44       0x40 src/oled/gfx_mono_framebuffer.o
 .debug_macro   0x00002e84       0x88 src/oled/gfx_mono_framebuffer.o
 .debug_macro   0x00002f0c      0x1ce src/oled/gfx_mono_framebuffer.o
 .debug_macro   0x000030da       0x34 src/oled/gfx_mono_framebuffer.o
 .debug_macro   0x0000310e       0x16 src/oled/gfx_mono_framebuffer.o
 .debug_macro   0x00003124       0x1c src/oled/gfx_mono_framebuffer.o
 .debug_macro   0x00003140       0x16 src/oled/gfx_mono_framebuffer.o
 .debug_macro   0x00003156       0x28 src/oled/gfx_mono_framebuffer.o
 .debug_macro   0x0000317e       0xd1 src/oled/gfx_mono_framebuffer.o
 .debug_macro   0x0000324f       0x8b src/oled/gfx_mono_framebuffer.o
 .debug_macro   0x000032da      0x7e6 src/oled/gfx_mono_generic.o
 .debug_macro   0x00003ac0      0x7ff src/oled/gfx_mono_text.o
 .debug_macro   0x000042bf      0x7ea src/oled/gfx_mono_ug_2832hsweg04.o
 .debug_macro   0x00004aa9       0x28 src/oled/gfx_mono_ug_2832hsweg04.o
 .debug_macro   0x00004ad1      0x7c0 src/oled/ssd1306.o
 .debug_macro   0x00005291      0x69c src/oled/sysfont.o
 .debug_macro   0x0000592d       0x3a src/oled/sysfont.o
 .debug_macro   0x00005967      0x665 src/ASF/common/services/delay/sam/cycle_counter.o
 .debug_macro   0x00005fcc       0x22 src/ASF/common/services/delay/sam/cycle_counter.o
 .debug_macro   0x00005fee      0x6d1 src/ASF/common/services/clock/same70/sysclk.o
 .debug_macro   0x000066bf      0x2c0 src/ASF/common/services/clock/same70/sysclk.o
 .debug_macro   0x0000697f      0x655 src/ASF/common/utils/interrupt/interrupt_sam_nvic.o
 .debug_macro   0x00006fd4      0x70b src/ASF/sam/boards/same70_xplained/init.o
 .debug_macro   0x000076df       0x82 src/ASF/sam/boards/same70_xplained/init.o
 .debug_macro   0x00007761      0x66b src/ASF/sam/drivers/pio/pio.o
 .debug_macro   0x00007dcc       0x8e src/ASF/sam/drivers/pio/pio.o
 .debug_macro   0x00007e5a      0x676 src/ASF/sam/drivers/pio/pio_handler.o
 .debug_macro   0x000084d0      0x66b src/ASF/sam/drivers/pmc/pmc.o
 .debug_macro   0x00008b3b       0x6a src/ASF/sam/drivers/pmc/pmc.o
 .debug_macro   0x00008ba5      0x664 src/ASF/sam/utils/cmsis/same70/source/templates/gcc/startup_same70.o
 .debug_macro   0x00009209       0x10 src/ASF/sam/utils/cmsis/same70/source/templates/gcc/startup_same70.o
 .debug_macro   0x00009219      0x455 src/ASF/sam/utils/cmsis/same70/source/templates/system_same70.o
 .debug_macro   0x0000966e      0x8a6 src/main.o

.debug_line     0x00000000     0xed2e
 .debug_line    0x00000000      0xa72 src/ASF/sam/drivers/rtt/rtt.o
 .debug_line    0x00000a72      0xc41 src/ASF/sam/drivers/spi/spi.o
 .debug_line    0x000016b3      0xb85 src/ASF/sam/drivers/tc/tc.o
 .debug_line    0x00002238      0xe87 src/oled/gfx_mono_framebuffer.o
 .debug_line    0x000030bf      0xf3b src/oled/gfx_mono_generic.o
 .debug_line    0x00003ffa      0xe95 src/oled/gfx_mono_text.o
 .debug_line    0x00004e8f      0xf0f src/oled/gfx_mono_ug_2832hsweg04.o
 .debug_line    0x00005d9e      0xe64 src/oled/ssd1306.o
 .debug_line    0x00006c02      0xa1b src/oled/sysfont.o
 .debug_line    0x0000761d      0x9ed src/ASF/common/services/delay/sam/cycle_counter.o
 .debug_line    0x0000800a      0xb4f src/ASF/common/services/clock/same70/sysclk.o
 .debug_line    0x00008b59      0xa01 src/ASF/common/utils/interrupt/interrupt_sam_nvic.o
 .debug_line    0x0000955a      0xc04 src/ASF/sam/boards/same70_xplained/init.o
 .debug_line    0x0000a15e      0xee3 src/ASF/sam/drivers/pio/pio.o
 .debug_line    0x0000b041      0xabf src/ASF/sam/drivers/pio/pio_handler.o
 .debug_line    0x0000bb00     0x106b src/ASF/sam/drivers/pmc/pmc.o
 .debug_line    0x0000cb6b      0xa73 src/ASF/sam/utils/cmsis/same70/source/templates/gcc/startup_same70.o
 .debug_line    0x0000d5de      0x7e9 src/ASF/sam/utils/cmsis/same70/source/templates/system_same70.o
 .debug_line    0x0000ddc7      0xf67 src/main.o

.debug_str      0x00000000    0x8fc78
 .debug_str     0x00000000    0x81997 src/ASF/sam/drivers/rtt/rtt.o
                              0x82018 (size before relaxing)
 .debug_str     0x00081997     0x4610 src/ASF/sam/drivers/spi/spi.o
                              0x8652d (size before relaxing)
 .debug_str     0x00085fa7      0x377 src/ASF/sam/drivers/tc/tc.o
                              0x82276 (size before relaxing)
 .debug_str     0x0008631e     0x2ace src/oled/gfx_mono_framebuffer.o
                              0x88c29 (size before relaxing)
 .debug_str     0x00088dec      0x25c src/oled/gfx_mono_generic.o
                              0x88d6d (size before relaxing)
 .debug_str     0x00089048      0x1f0 src/oled/gfx_mono_text.o
                              0x88d48 (size before relaxing)
 .debug_str     0x00089238      0x11c src/oled/gfx_mono_ug_2832hsweg04.o
                              0x88d09 (size before relaxing)
 .debug_str     0x00089354      0x612 src/oled/ssd1306.o
                              0x88941 (size before relaxing)
 .debug_str     0x00089966     0x3ee1 src/oled/sysfont.o
                              0x8615f (size before relaxing)
 .debug_str     0x0008d847       0x35 src/ASF/common/services/delay/sam/cycle_counter.o
                              0x82093 (size before relaxing)
 .debug_str     0x0008d87c      0x3f1 src/ASF/common/services/clock/same70/sysclk.o
                              0x865b1 (size before relaxing)
 .debug_str     0x0008dc6d       0x94 src/ASF/common/utils/interrupt/interrupt_sam_nvic.o
                              0x81f63 (size before relaxing)
 .debug_str     0x0008dd01      0x4f4 src/ASF/sam/boards/same70_xplained/init.o
                              0x870a1 (size before relaxing)
 .debug_str     0x0008e1f5      0x559 src/ASF/sam/drivers/pio/pio.o
                              0x82ab9 (size before relaxing)
 .debug_str     0x0008e74e      0x437 src/ASF/sam/drivers/pio/pio_handler.o
                              0x82bdb (size before relaxing)
 .debug_str     0x0008eb85      0x68e src/ASF/sam/drivers/pmc/pmc.o
                              0x82c1d (size before relaxing)
 .debug_str     0x0008f213      0x64c src/ASF/sam/utils/cmsis/same70/source/templates/gcc/startup_same70.o
                              0x82730 (size before relaxing)
 .debug_str     0x0008f85f      0x137 src/ASF/sam/utils/cmsis/same70/source/templates/system_same70.o
                              0x7283c (size before relaxing)
 .debug_str     0x0008f996      0x2e2 src/main.o
                              0x8d7e1 (size before relaxing)

.debug_frame    0x00000000     0x1628
 .debug_frame   0x00000000       0xac src/ASF/sam/drivers/rtt/rtt.o
 .debug_frame   0x000000ac      0x140 src/ASF/sam/drivers/spi/spi.o
 .debug_frame   0x000001ec      0x1a8 src/ASF/sam/drivers/tc/tc.o
 .debug_frame   0x00000394       0xdc src/oled/gfx_mono_framebuffer.o
 .debug_frame   0x00000470      0x168 src/oled/gfx_mono_generic.o
 .debug_frame   0x000005d8       0xc8 src/oled/gfx_mono_text.o
 .debug_frame   0x000006a0      0x124 src/oled/gfx_mono_ug_2832hsweg04.o
 .debug_frame   0x000007c4       0x6c src/oled/ssd1306.o
 .debug_frame   0x00000830       0x20 src/ASF/common/services/delay/sam/cycle_counter.o
 .debug_frame   0x00000850       0x88 src/ASF/common/services/clock/same70/sysclk.o
 .debug_frame   0x000008d8       0x30 src/ASF/common/utils/interrupt/interrupt_sam_nvic.o
 .debug_frame   0x00000908       0x30 src/ASF/sam/boards/same70_xplained/init.o
 .debug_frame   0x00000938      0x390 src/ASF/sam/drivers/pio/pio.o
 .debug_frame   0x00000cc8      0x110 src/ASF/sam/drivers/pio/pio_handler.o
 .debug_frame   0x00000dd8      0x494 src/ASF/sam/drivers/pmc/pmc.o
 .debug_frame   0x0000126c       0x38 src/ASF/sam/utils/cmsis/same70/source/templates/gcc/startup_same70.o
 .debug_frame   0x000012a4       0x40 src/ASF/sam/utils/cmsis/same70/source/templates/system_same70.o
 .debug_frame   0x000012e4      0x184 src/main.o
 .debug_frame   0x00001468       0x2c c:/program files (x86)/atmel/studio/7.0/toolchain/arm/arm-gnu-toolchain/bin/../lib/gcc/arm-none-eabi/6.3.1/../../../../arm-none-eabi/lib/thumb/v7e-m\libc.a(lib_a-init.o)
 .debug_frame   0x00001494       0x5c c:/program files (x86)/atmel/studio/7.0/toolchain/arm/arm-gnu-toolchain/bin/../lib/gcc/arm-none-eabi/6.3.1/../../../../arm-none-eabi/lib/thumb/v7e-m\libc.a(lib_a-__call_atexit.o)
 .debug_frame   0x000014f0       0x20 c:/program files (x86)/atmel/studio/7.0/toolchain/arm/arm-gnu-toolchain/bin/../lib/gcc/arm-none-eabi/6.3.1/../../../../arm-none-eabi/lib/thumb/v7e-m\libc.a(lib_a-atexit.o)
 .debug_frame   0x00001510       0x34 c:/program files (x86)/atmel/studio/7.0/toolchain/arm/arm-gnu-toolchain/bin/../lib/gcc/arm-none-eabi/6.3.1/../../../../arm-none-eabi/lib/thumb/v7e-m\libc.a(lib_a-fini.o)
 .debug_frame   0x00001544       0xb0 c:/program files (x86)/atmel/studio/7.0/toolchain/arm/arm-gnu-toolchain/bin/../lib/gcc/arm-none-eabi/6.3.1/../../../../arm-none-eabi/lib/thumb/v7e-m\libc.a(lib_a-lock.o)
 .debug_frame   0x000015f4       0x34 c:/program files (x86)/atmel/studio/7.0/toolchain/arm/arm-gnu-toolchain/bin/../lib/gcc/arm-none-eabi/6.3.1/../../../../arm-none-eabi/lib/thumb/v7e-m\libc.a(lib_a-__atexit.o)

Cross Reference Table

Symbol                                            File
ACC_Handler                                       src/ASF/sam/utils/cmsis/same70/source/templates/gcc/startup_same70.o
AES_Handler                                       src/ASF/sam/utils/cmsis/same70/source/templates/gcc/startup_same70.o
AFEC0_Handler                                     src/ASF/sam/utils/cmsis/same70/source/templates/gcc/startup_same70.o
AFEC1_Handler                                     src/ASF/sam/utils/cmsis/same70/source/templates/gcc/startup_same70.o
BusFault_Handler                                  src/ASF/sam/utils/cmsis/same70/source/templates/gcc/startup_same70.o
DACC_Handler                                      src/ASF/sam/utils/cmsis/same70/source/templates/gcc/startup_same70.o
DebugMon_Handler                                  src/ASF/sam/utils/cmsis/same70/source/templates/gcc/startup_same70.o
Dummy_Handler                                     src/ASF/sam/utils/cmsis/same70/source/templates/gcc/startup_same70.o
EFC_Handler                                       src/ASF/sam/utils/cmsis/same70/source/templates/gcc/startup_same70.o
GMAC_Handler                                      src/ASF/sam/utils/cmsis/same70/source/templates/gcc/startup_same70.o
HSMCI_Handler                                     src/ASF/sam/utils/cmsis/same70/source/templates/gcc/startup_same70.o
HardFault_Handler                                 src/ASF/sam/utils/cmsis/same70/source/templates/gcc/startup_same70.o
ICM_Handler                                       src/ASF/sam/utils/cmsis/same70/source/templates/gcc/startup_same70.o
ISI_Handler                                       src/ASF/sam/utils/cmsis/same70/source/templates/gcc/startup_same70.o
MCAN0_Handler                                     src/ASF/sam/utils/cmsis/same70/source/templates/gcc/startup_same70.o
MCAN1_Handler                                     src/ASF/sam/utils/cmsis/same70/source/templates/gcc/startup_same70.o
MemManage_Handler                                 src/ASF/sam/utils/cmsis/same70/source/templates/gcc/startup_same70.o
NMI_Handler                                       src/ASF/sam/utils/cmsis/same70/source/templates/gcc/startup_same70.o
PIOA_Handler                                      src/ASF/sam/drivers/pio/pio_handler.o
PIOB_Handler                                      src/ASF/sam/drivers/pio/pio_handler.o
PIOC_Handler                                      src/ASF/sam/drivers/pio/pio_handler.o
PIOD_Handler                                      src/ASF/sam/drivers/pio/pio_handler.o
PIOE_Handler                                      src/ASF/sam/drivers/pio/pio_handler.o
PMC_Handler                                       src/ASF/sam/utils/cmsis/same70/source/templates/gcc/startup_same70.o
PWM0_Handler                                      src/ASF/sam/utils/cmsis/same70/source/templates/gcc/startup_same70.o
PWM1_Handler                                      src/ASF/sam/utils/cmsis/same70/source/templates/gcc/startup_same70.o
PendSV_Handler                                    src/ASF/sam/utils/cmsis/same70/source/templates/gcc/startup_same70.o
QSPI_Handler                                      src/ASF/sam/utils/cmsis/same70/source/templates/gcc/startup_same70.o
RSTC_Handler                                      src/ASF/sam/utils/cmsis/same70/source/templates/gcc/startup_same70.o
RSWDT_Handler                                     src/ASF/sam/utils/cmsis/same70/source/templates/gcc/startup_same70.o
RTC_Handler                                       src/ASF/sam/utils/cmsis/same70/source/templates/gcc/startup_same70.o
RTT_Handler                                       src/main.o
                                                  src/ASF/sam/utils/cmsis/same70/source/templates/gcc/startup_same70.o
Reset_Handler                                     src/ASF/sam/utils/cmsis/same70/source/templates/gcc/startup_same70.o
SDRAMC_Handler                                    src/ASF/sam/utils/cmsis/same70/source/templates/gcc/startup_same70.o
SPI0_Handler                                      src/ASF/sam/utils/cmsis/same70/source/templates/gcc/startup_same70.o
SPI1_Handler                                      src/ASF/sam/utils/cmsis/same70/source/templates/gcc/startup_same70.o
SSC_Handler                                       src/ASF/sam/utils/cmsis/same70/source/templates/gcc/startup_same70.o
SUPC_Handler                                      src/ASF/sam/utils/cmsis/same70/source/templates/gcc/startup_same70.o
SVC_Handler                                       src/ASF/sam/utils/cmsis/same70/source/templates/gcc/startup_same70.o
SysTick_Handler                                   src/ASF/sam/utils/cmsis/same70/source/templates/gcc/startup_same70.o
SystemCoreClock                                   src/ASF/sam/utils/cmsis/same70/source/templates/system_same70.o
SystemCoreClockUpdate                             src/ASF/sam/utils/cmsis/same70/source/templates/system_same70.o
                                                  src/ASF/common/services/clock/same70/sysclk.o
SystemInit                                        src/ASF/sam/utils/cmsis/same70/source/templates/system_same70.o
TC0_Handler                                       src/ASF/sam/utils/cmsis/same70/source/templates/gcc/startup_same70.o
TC10_Handler                                      src/ASF/sam/utils/cmsis/same70/source/templates/gcc/startup_same70.o
TC11_Handler                                      src/ASF/sam/utils/cmsis/same70/source/templates/gcc/startup_same70.o
TC1_Handler                                       src/main.o
                                                  src/ASF/sam/utils/cmsis/same70/source/templates/gcc/startup_same70.o
TC2_Handler                                       src/ASF/sam/utils/cmsis/same70/source/templates/gcc/startup_same70.o
TC3_Handler                                       src/main.o
                                                  src/ASF/sam/utils/cmsis/same70/source/templates/gcc/startup_same70.o
TC4_Handler                                       src/ASF/sam/utils/cmsis/same70/source/templates/gcc/startup_same70.o
TC5_Handler                                       src/ASF/sam/utils/cmsis/same70/source/templates/gcc/startup_same70.o
TC6_Handler                                       src/ASF/sam/utils/cmsis/same70/source/templates/gcc/startup_same70.o
TC7_Handler                                       src/ASF/sam/utils/cmsis/same70/source/templates/gcc/startup_same70.o
TC8_Handler                                       src/main.o
                                                  src/ASF/sam/utils/cmsis/same70/source/templates/gcc/startup_same70.o
TC9_Handler                                       src/ASF/sam/utils/cmsis/same70/source/templates/gcc/startup_same70.o
TC_init                                           src/main.o
TRNG_Handler                                      src/ASF/sam/utils/cmsis/same70/source/templates/gcc/startup_same70.o
TWIHS0_Handler                                    src/ASF/sam/utils/cmsis/same70/source/templates/gcc/startup_same70.o
TWIHS1_Handler                                    src/ASF/sam/utils/cmsis/same70/source/templates/gcc/startup_same70.o
TWIHS2_Handler                                    src/ASF/sam/utils/cmsis/same70/source/templates/gcc/startup_same70.o
UART0_Handler                                     src/ASF/sam/utils/cmsis/same70/source/templates/gcc/startup_same70.o
UART1_Handler                                     src/ASF/sam/utils/cmsis/same70/source/templates/gcc/startup_same70.o
UART2_Handler                                     src/ASF/sam/utils/cmsis/same70/source/templates/gcc/startup_same70.o
UART3_Handler                                     src/ASF/sam/utils/cmsis/same70/source/templates/gcc/startup_same70.o
UART4_Handler                                     src/ASF/sam/utils/cmsis/same70/source/templates/gcc/startup_same70.o
USART0_Handler                                    src/ASF/sam/utils/cmsis/same70/source/templates/gcc/startup_same70.o
USART1_Handler                                    src/ASF/sam/utils/cmsis/same70/source/templates/gcc/startup_same70.o
USART2_Handler                                    src/ASF/sam/utils/cmsis/same70/source/templates/gcc/startup_same70.o
USBHS_Handler                                     src/ASF/sam/utils/cmsis/same70/source/templates/gcc/startup_same70.o
UsageFault_Handler                                src/ASF/sam/utils/cmsis/same70/source/templates/gcc/startup_same70.o
WDT_Handler                                       src/ASF/sam/utils/cmsis/same70/source/templates/gcc/startup_same70.o
XDMAC_Handler                                     src/ASF/sam/utils/cmsis/same70/source/templates/gcc/startup_same70.o
_Jv_RegisterClasses                               c:/program files (x86)/atmel/studio/7.0/toolchain/arm/arm-gnu-toolchain/bin/../lib/gcc/arm-none-eabi/6.3.1/thumb/v7e-m/crtbegin.o
__atexit_recursive_mutex                          c:/program files (x86)/atmel/studio/7.0/toolchain/arm/arm-gnu-toolchain/bin/../lib/gcc/arm-none-eabi/6.3.1/../../../../arm-none-eabi/lib/thumb/v7e-m\libc.a(lib_a-__call_atexit.o)
                                                  c:/program files (x86)/atmel/studio/7.0/toolchain/arm/arm-gnu-toolchain/bin/../lib/gcc/arm-none-eabi/6.3.1/../../../../arm-none-eabi/lib/thumb/v7e-m\libc.a(lib_a-__atexit.o)
__bss_end__                                       c:/program files (x86)/atmel/studio/7.0/toolchain/arm/arm-gnu-toolchain/bin/../lib/gcc/arm-none-eabi/6.3.1/../../../../arm-none-eabi/lib/thumb/v7e-m/crt0.o
__bss_start__                                     c:/program files (x86)/atmel/studio/7.0/toolchain/arm/arm-gnu-toolchain/bin/../lib/gcc/arm-none-eabi/6.3.1/../../../../arm-none-eabi/lib/thumb/v7e-m/crt0.o
__call_exitprocs                                  c:/program files (x86)/atmel/studio/7.0/toolchain/arm/arm-gnu-toolchain/bin/../lib/gcc/arm-none-eabi/6.3.1/../../../../arm-none-eabi/lib/thumb/v7e-m\libc.a(lib_a-__call_atexit.o)
                                                  c:/program files (x86)/atmel/studio/7.0/toolchain/arm/arm-gnu-toolchain/bin/../lib/gcc/arm-none-eabi/6.3.1/../../../../arm-none-eabi/lib/thumb/v7e-m\libc.a(lib_a-exit.o)
__deregister_frame_info                           c:/program files (x86)/atmel/studio/7.0/toolchain/arm/arm-gnu-toolchain/bin/../lib/gcc/arm-none-eabi/6.3.1/thumb/v7e-m/crtbegin.o
__dso_handle                                      c:/program files (x86)/atmel/studio/7.0/toolchain/arm/arm-gnu-toolchain/bin/../lib/gcc/arm-none-eabi/6.3.1/thumb/v7e-m/crtbegin.o
__fini_array_end                                  c:/program files (x86)/atmel/studio/7.0/toolchain/arm/arm-gnu-toolchain/bin/../lib/gcc/arm-none-eabi/6.3.1/../../../../arm-none-eabi/lib/thumb/v7e-m\libc.a(lib_a-fini.o)
__fini_array_start                                c:/program files (x86)/atmel/studio/7.0/toolchain/arm/arm-gnu-toolchain/bin/../lib/gcc/arm-none-eabi/6.3.1/../../../../arm-none-eabi/lib/thumb/v7e-m\libc.a(lib_a-fini.o)
__init_array_end                                  c:/program files (x86)/atmel/studio/7.0/toolchain/arm/arm-gnu-toolchain/bin/../lib/gcc/arm-none-eabi/6.3.1/../../../../arm-none-eabi/lib/thumb/v7e-m\libc.a(lib_a-init.o)
__init_array_start                                c:/program files (x86)/atmel/studio/7.0/toolchain/arm/arm-gnu-toolchain/bin/../lib/gcc/arm-none-eabi/6.3.1/../../../../arm-none-eabi/lib/thumb/v7e-m\libc.a(lib_a-init.o)
__libc_fini                                       c:/program files (x86)/atmel/studio/7.0/toolchain/arm/arm-gnu-toolchain/bin/../lib/gcc/arm-none-eabi/6.3.1/../../../../arm-none-eabi/lib/thumb/v7e-m\libc.a(lib_a-__call_atexit.o)
__libc_fini_array                                 c:/program files (x86)/atmel/studio/7.0/toolchain/arm/arm-gnu-toolchain/bin/../lib/gcc/arm-none-eabi/6.3.1/../../../../arm-none-eabi/lib/thumb/v7e-m\libc.a(lib_a-fini.o)
                                                  c:/program files (x86)/atmel/studio/7.0/toolchain/arm/arm-gnu-toolchain/bin/../lib/gcc/arm-none-eabi/6.3.1/../../../../arm-none-eabi/lib/thumb/v7e-m\libc.a(lib_a-__call_atexit.o)
                                                  c:/program files (x86)/atmel/studio/7.0/toolchain/arm/arm-gnu-toolchain/bin/../lib/gcc/arm-none-eabi/6.3.1/../../../../arm-none-eabi/lib/thumb/v7e-m/crt0.o
__libc_init_array                                 c:/program files (x86)/atmel/studio/7.0/toolchain/arm/arm-gnu-toolchain/bin/../lib/gcc/arm-none-eabi/6.3.1/../../../../arm-none-eabi/lib/thumb/v7e-m\libc.a(lib_a-init.o)
                                                  src/ASF/sam/utils/cmsis/same70/source/templates/gcc/startup_same70.o
                                                  c:/program files (x86)/atmel/studio/7.0/toolchain/arm/arm-gnu-toolchain/bin/../lib/gcc/arm-none-eabi/6.3.1/../../../../arm-none-eabi/lib/thumb/v7e-m/crt0.o
__lock___arc4random_mutex                         c:/program files (x86)/atmel/studio/7.0/toolchain/arm/arm-gnu-toolchain/bin/../lib/gcc/arm-none-eabi/6.3.1/../../../../arm-none-eabi/lib/thumb/v7e-m\libc.a(lib_a-lock.o)
__lock___at_quick_exit_mutex                      c:/program files (x86)/atmel/studio/7.0/toolchain/arm/arm-gnu-toolchain/bin/../lib/gcc/arm-none-eabi/6.3.1/../../../../arm-none-eabi/lib/thumb/v7e-m\libc.a(lib_a-lock.o)
__lock___atexit_recursive_mutex                   c:/program files (x86)/atmel/studio/7.0/toolchain/arm/arm-gnu-toolchain/bin/../lib/gcc/arm-none-eabi/6.3.1/../../../../arm-none-eabi/lib/thumb/v7e-m\libc.a(lib_a-lock.o)
                                                  c:/program files (x86)/atmel/studio/7.0/toolchain/arm/arm-gnu-toolchain/bin/../lib/gcc/arm-none-eabi/6.3.1/../../../../arm-none-eabi/lib/thumb/v7e-m\libc.a(lib_a-__call_atexit.o)
__lock___dd_hash_mutex                            c:/program files (x86)/atmel/studio/7.0/toolchain/arm/arm-gnu-toolchain/bin/../lib/gcc/arm-none-eabi/6.3.1/../../../../arm-none-eabi/lib/thumb/v7e-m\libc.a(lib_a-lock.o)
__lock___env_recursive_mutex                      c:/program files (x86)/atmel/studio/7.0/toolchain/arm/arm-gnu-toolchain/bin/../lib/gcc/arm-none-eabi/6.3.1/../../../../arm-none-eabi/lib/thumb/v7e-m\libc.a(lib_a-lock.o)
__lock___malloc_recursive_mutex                   c:/program files (x86)/atmel/studio/7.0/toolchain/arm/arm-gnu-toolchain/bin/../lib/gcc/arm-none-eabi/6.3.1/../../../../arm-none-eabi/lib/thumb/v7e-m\libc.a(lib_a-lock.o)
__lock___sfp_recursive_mutex                      c:/program files (x86)/atmel/studio/7.0/toolchain/arm/arm-gnu-toolchain/bin/../lib/gcc/arm-none-eabi/6.3.1/../../../../arm-none-eabi/lib/thumb/v7e-m\libc.a(lib_a-lock.o)
__lock___sinit_recursive_mutex                    c:/program files (x86)/atmel/studio/7.0/toolchain/arm/arm-gnu-toolchain/bin/../lib/gcc/arm-none-eabi/6.3.1/../../../../arm-none-eabi/lib/thumb/v7e-m\libc.a(lib_a-lock.o)
__lock___tz_mutex                                 c:/program files (x86)/atmel/studio/7.0/toolchain/arm/arm-gnu-toolchain/bin/../lib/gcc/arm-none-eabi/6.3.1/../../../../arm-none-eabi/lib/thumb/v7e-m\libc.a(lib_a-lock.o)
__preinit_array_end                               c:/program files (x86)/atmel/studio/7.0/toolchain/arm/arm-gnu-toolchain/bin/../lib/gcc/arm-none-eabi/6.3.1/../../../../arm-none-eabi/lib/thumb/v7e-m\libc.a(lib_a-init.o)
__preinit_array_start                             c:/program files (x86)/atmel/studio/7.0/toolchain/arm/arm-gnu-toolchain/bin/../lib/gcc/arm-none-eabi/6.3.1/../../../../arm-none-eabi/lib/thumb/v7e-m\libc.a(lib_a-init.o)
__ram_end__                                       src/ASF/sam/utils/syscalls/gcc/syscalls.o
__register_exitproc                               c:/program files (x86)/atmel/studio/7.0/toolchain/arm/arm-gnu-toolchain/bin/../lib/gcc/arm-none-eabi/6.3.1/../../../../arm-none-eabi/lib/thumb/v7e-m\libc.a(lib_a-__atexit.o)
                                                  c:/program files (x86)/atmel/studio/7.0/toolchain/arm/arm-gnu-toolchain/bin/../lib/gcc/arm-none-eabi/6.3.1/../../../../arm-none-eabi/lib/thumb/v7e-m\libc.a(lib_a-atexit.o)
__register_frame_info                             c:/program files (x86)/atmel/studio/7.0/toolchain/arm/arm-gnu-toolchain/bin/../lib/gcc/arm-none-eabi/6.3.1/thumb/v7e-m/crtbegin.o
__retarget_lock_acquire                           c:/program files (x86)/atmel/studio/7.0/toolchain/arm/arm-gnu-toolchain/bin/../lib/gcc/arm-none-eabi/6.3.1/../../../../arm-none-eabi/lib/thumb/v7e-m\libc.a(lib_a-lock.o)
__retarget_lock_acquire_recursive                 c:/program files (x86)/atmel/studio/7.0/toolchain/arm/arm-gnu-toolchain/bin/../lib/gcc/arm-none-eabi/6.3.1/../../../../arm-none-eabi/lib/thumb/v7e-m\libc.a(lib_a-lock.o)
                                                  c:/program files (x86)/atmel/studio/7.0/toolchain/arm/arm-gnu-toolchain/bin/../lib/gcc/arm-none-eabi/6.3.1/../../../../arm-none-eabi/lib/thumb/v7e-m\libc.a(lib_a-__atexit.o)
                                                  c:/program files (x86)/atmel/studio/7.0/toolchain/arm/arm-gnu-toolchain/bin/../lib/gcc/arm-none-eabi/6.3.1/../../../../arm-none-eabi/lib/thumb/v7e-m\libc.a(lib_a-__call_atexit.o)
__retarget_lock_close                             c:/program files (x86)/atmel/studio/7.0/toolchain/arm/arm-gnu-toolchain/bin/../lib/gcc/arm-none-eabi/6.3.1/../../../../arm-none-eabi/lib/thumb/v7e-m\libc.a(lib_a-lock.o)
__retarget_lock_close_recursive                   c:/program files (x86)/atmel/studio/7.0/toolchain/arm/arm-gnu-toolchain/bin/../lib/gcc/arm-none-eabi/6.3.1/../../../../arm-none-eabi/lib/thumb/v7e-m\libc.a(lib_a-lock.o)
__retarget_lock_init                              c:/program files (x86)/atmel/studio/7.0/toolchain/arm/arm-gnu-toolchain/bin/../lib/gcc/arm-none-eabi/6.3.1/../../../../arm-none-eabi/lib/thumb/v7e-m\libc.a(lib_a-lock.o)
__retarget_lock_init_recursive                    c:/program files (x86)/atmel/studio/7.0/toolchain/arm/arm-gnu-toolchain/bin/../lib/gcc/arm-none-eabi/6.3.1/../../../../arm-none-eabi/lib/thumb/v7e-m\libc.a(lib_a-lock.o)
__retarget_lock_release                           c:/program files (x86)/atmel/studio/7.0/toolchain/arm/arm-gnu-toolchain/bin/../lib/gcc/arm-none-eabi/6.3.1/../../../../arm-none-eabi/lib/thumb/v7e-m\libc.a(lib_a-lock.o)
__retarget_lock_release_recursive                 c:/program files (x86)/atmel/studio/7.0/toolchain/arm/arm-gnu-toolchain/bin/../lib/gcc/arm-none-eabi/6.3.1/../../../../arm-none-eabi/lib/thumb/v7e-m\libc.a(lib_a-lock.o)
                                                  c:/program files (x86)/atmel/studio/7.0/toolchain/arm/arm-gnu-toolchain/bin/../lib/gcc/arm-none-eabi/6.3.1/../../../../arm-none-eabi/lib/thumb/v7e-m\libc.a(lib_a-__atexit.o)
                                                  c:/program files (x86)/atmel/studio/7.0/toolchain/arm/arm-gnu-toolchain/bin/../lib/gcc/arm-none-eabi/6.3.1/../../../../arm-none-eabi/lib/thumb/v7e-m\libc.a(lib_a-__call_atexit.o)
__retarget_lock_try_acquire                       c:/program files (x86)/atmel/studio/7.0/toolchain/arm/arm-gnu-toolchain/bin/../lib/gcc/arm-none-eabi/6.3.1/../../../../arm-none-eabi/lib/thumb/v7e-m\libc.a(lib_a-lock.o)
__retarget_lock_try_acquire_recursive             c:/program files (x86)/atmel/studio/7.0/toolchain/arm/arm-gnu-toolchain/bin/../lib/gcc/arm-none-eabi/6.3.1/../../../../arm-none-eabi/lib/thumb/v7e-m\libc.a(lib_a-lock.o)
__stack                                           c:/program files (x86)/atmel/studio/7.0/toolchain/arm/arm-gnu-toolchain/bin/../lib/gcc/arm-none-eabi/6.3.1/../../../../arm-none-eabi/lib/thumb/v7e-m/crt0.o
_close                                            src/ASF/sam/utils/syscalls/gcc/syscalls.o
_end                                              src/ASF/sam/utils/syscalls/gcc/syscalls.o
_erelocate                                        src/ASF/sam/utils/cmsis/same70/source/templates/gcc/startup_same70.o
_estack                                           src/ASF/sam/utils/cmsis/same70/source/templates/gcc/startup_same70.o
_etext                                            src/ASF/sam/utils/cmsis/same70/source/templates/gcc/startup_same70.o
_exit                                             src/ASF/sam/utils/syscalls/gcc/syscalls.o
                                                  c:/program files (x86)/atmel/studio/7.0/toolchain/arm/arm-gnu-toolchain/bin/../lib/gcc/arm-none-eabi/6.3.1/../../../../arm-none-eabi/lib/thumb/v7e-m\libc.a(lib_a-exit.o)
_ezero                                            src/ASF/sam/utils/cmsis/same70/source/templates/gcc/startup_same70.o
_fini                                             c:/program files (x86)/atmel/studio/7.0/toolchain/arm/arm-gnu-toolchain/bin/../lib/gcc/arm-none-eabi/6.3.1/thumb/v7e-m/crti.o
                                                  c:/program files (x86)/atmel/studio/7.0/toolchain/arm/arm-gnu-toolchain/bin/../lib/gcc/arm-none-eabi/6.3.1/../../../../arm-none-eabi/lib/thumb/v7e-m\libc.a(lib_a-fini.o)
_fstat                                            src/ASF/sam/utils/syscalls/gcc/syscalls.o
_getpid                                           src/ASF/sam/utils/syscalls/gcc/syscalls.o
_global_impure_ptr                                c:/program files (x86)/atmel/studio/7.0/toolchain/arm/arm-gnu-toolchain/bin/../lib/gcc/arm-none-eabi/6.3.1/../../../../arm-none-eabi/lib/thumb/v7e-m\libc.a(lib_a-impure.o)
                                                  c:/program files (x86)/atmel/studio/7.0/toolchain/arm/arm-gnu-toolchain/bin/../lib/gcc/arm-none-eabi/6.3.1/../../../../arm-none-eabi/lib/thumb/v7e-m\libc.a(lib_a-__atexit.o)
                                                  c:/program files (x86)/atmel/studio/7.0/toolchain/arm/arm-gnu-toolchain/bin/../lib/gcc/arm-none-eabi/6.3.1/../../../../arm-none-eabi/lib/thumb/v7e-m\libc.a(lib_a-__call_atexit.o)
                                                  c:/program files (x86)/atmel/studio/7.0/toolchain/arm/arm-gnu-toolchain/bin/../lib/gcc/arm-none-eabi/6.3.1/../../../../arm-none-eabi/lib/thumb/v7e-m\libc.a(lib_a-exit.o)
_impure_ptr                                       c:/program files (x86)/atmel/studio/7.0/toolchain/arm/arm-gnu-toolchain/bin/../lib/gcc/arm-none-eabi/6.3.1/../../../../arm-none-eabi/lib/thumb/v7e-m\libc.a(lib_a-impure.o)
_init                                             c:/program files (x86)/atmel/studio/7.0/toolchain/arm/arm-gnu-toolchain/bin/../lib/gcc/arm-none-eabi/6.3.1/thumb/v7e-m/crti.o
                                                  c:/program files (x86)/atmel/studio/7.0/toolchain/arm/arm-gnu-toolchain/bin/../lib/gcc/arm-none-eabi/6.3.1/../../../../arm-none-eabi/lib/thumb/v7e-m\libc.a(lib_a-init.o)
_isatty                                           src/ASF/sam/utils/syscalls/gcc/syscalls.o
_kill                                             src/ASF/sam/utils/syscalls/gcc/syscalls.o
_lseek                                            src/ASF/sam/utils/syscalls/gcc/syscalls.o
_mainCRTStartup                                   c:/program files (x86)/atmel/studio/7.0/toolchain/arm/arm-gnu-toolchain/bin/../lib/gcc/arm-none-eabi/6.3.1/../../../../arm-none-eabi/lib/thumb/v7e-m/crt0.o
_sbrk                                             src/ASF/sam/utils/syscalls/gcc/syscalls.o
_sfixed                                           src/ASF/sam/utils/cmsis/same70/source/templates/gcc/startup_same70.o
_srelocate                                        src/ASF/sam/utils/cmsis/same70/source/templates/gcc/startup_same70.o
_start                                            c:/program files (x86)/atmel/studio/7.0/toolchain/arm/arm-gnu-toolchain/bin/../lib/gcc/arm-none-eabi/6.3.1/../../../../arm-none-eabi/lib/thumb/v7e-m/crt0.o
_szero                                            src/ASF/sam/utils/cmsis/same70/source/templates/gcc/startup_same70.o
atexit                                            c:/program files (x86)/atmel/studio/7.0/toolchain/arm/arm-gnu-toolchain/bin/../lib/gcc/arm-none-eabi/6.3.1/../../../../arm-none-eabi/lib/thumb/v7e-m\libc.a(lib_a-atexit.o)
                                                  c:/program files (x86)/atmel/studio/7.0/toolchain/arm/arm-gnu-toolchain/bin/../lib/gcc/arm-none-eabi/6.3.1/../../../../arm-none-eabi/lib/thumb/v7e-m\libc.a(lib_a-__call_atexit.o)
                                                  c:/program files (x86)/atmel/studio/7.0/toolchain/arm/arm-gnu-toolchain/bin/../lib/gcc/arm-none-eabi/6.3.1/../../../../arm-none-eabi/lib/thumb/v7e-m/crt0.o
board_init                                        src/ASF/sam/boards/same70_xplained/init.o
                                                  src/main.o
but1_callback                                     src/main.o
but2_callback                                     src/main.o
but3_callback                                     src/main.o
buttons_init                                      src/main.o
cpu_irq_enter_critical                            src/ASF/common/utils/interrupt/interrupt_sam_nvic.o
cpu_irq_leave_critical                            src/ASF/common/utils/interrupt/interrupt_sam_nvic.o
exception_table                                   src/ASF/sam/utils/cmsis/same70/source/templates/gcc/startup_same70.o
exit                                              c:/program files (x86)/atmel/studio/7.0/toolchain/arm/arm-gnu-toolchain/bin/../lib/gcc/arm-none-eabi/6.3.1/../../../../arm-none-eabi/lib/thumb/v7e-m\libc.a(lib_a-exit.o)
                                                  c:/program files (x86)/atmel/studio/7.0/toolchain/arm/arm-gnu-toolchain/bin/../lib/gcc/arm-none-eabi/6.3.1/../../../../arm-none-eabi/lib/thumb/v7e-m/crt0.o
flag_rtt_alarme                                   src/main.o
flag_tc1                                          src/main.o
flag_tc2                                          src/main.o
flag_tc3                                          src/main.o
free                                              c:/program files (x86)/atmel/studio/7.0/toolchain/arm/arm-gnu-toolchain/bin/../lib/gcc/arm-none-eabi/6.3.1/../../../../arm-none-eabi/lib/thumb/v7e-m\libc.a(lib_a-__call_atexit.o)
g_interrupt_enabled                               src/ASF/common/utils/interrupt/interrupt_sam_nvic.o
                                                  src/ASF/sam/utils/cmsis/same70/source/templates/gcc/startup_same70.o
                                                  src/ASF/sam/drivers/pmc/sleep.o
                                                  src/ASF/sam/drivers/mpu/mpu.o
gfx_mono_draw_char                                src/oled/gfx_mono_text.o
gfx_mono_draw_progmem_string                      src/oled/gfx_mono_text.o
gfx_mono_draw_string                              src/oled/gfx_mono_text.o
                                                  src/main.o
gfx_mono_framebuffer_draw_pixel                   src/oled/gfx_mono_framebuffer.o
gfx_mono_framebuffer_get_byte                     src/oled/gfx_mono_framebuffer.o
                                                  src/oled/gfx_mono_ug_2832hsweg04.o
gfx_mono_framebuffer_get_page                     src/oled/gfx_mono_framebuffer.o
                                                  src/oled/gfx_mono_ug_2832hsweg04.o
gfx_mono_framebuffer_get_pixel                    src/oled/gfx_mono_framebuffer.o
gfx_mono_framebuffer_mask_byte                    src/oled/gfx_mono_framebuffer.o
gfx_mono_framebuffer_put_byte                     src/oled/gfx_mono_framebuffer.o
                                                  src/oled/gfx_mono_ug_2832hsweg04.o
gfx_mono_framebuffer_put_page                     src/oled/gfx_mono_framebuffer.o
                                                  src/oled/gfx_mono_ug_2832hsweg04.o
gfx_mono_generic_draw_circle                      src/oled/gfx_mono_generic.o
gfx_mono_generic_draw_filled_circle               src/oled/gfx_mono_generic.o
                                                  src/main.o
gfx_mono_generic_draw_filled_rect                 src/oled/gfx_mono_generic.o
                                                  src/oled/gfx_mono_text.o
gfx_mono_generic_draw_horizontal_line             src/oled/gfx_mono_generic.o
gfx_mono_generic_draw_line                        src/oled/gfx_mono_generic.o
gfx_mono_generic_draw_rect                        src/oled/gfx_mono_generic.o
gfx_mono_generic_draw_vertical_line               src/oled/gfx_mono_generic.o
gfx_mono_generic_put_bitmap                       src/oled/gfx_mono_generic.o
gfx_mono_get_progmem_string_bounding_box          src/oled/gfx_mono_text.o
gfx_mono_get_string_bounding_box                  src/oled/gfx_mono_text.o
gfx_mono_set_framebuffer                          src/oled/gfx_mono_framebuffer.o
                                                  src/oled/gfx_mono_ug_2832hsweg04.o
gfx_mono_ssd1306_draw_pixel                       src/oled/gfx_mono_ug_2832hsweg04.o
                                                  src/oled/gfx_mono_text.o
                                                  src/oled/gfx_mono_generic.o
gfx_mono_ssd1306_get_byte                         src/oled/gfx_mono_ug_2832hsweg04.o
                                                  src/oled/gfx_mono_generic.o
                                                  src/oled/gfx_mono_framebuffer.o
gfx_mono_ssd1306_get_page                         src/oled/gfx_mono_ug_2832hsweg04.o
gfx_mono_ssd1306_get_pixel                        src/oled/gfx_mono_ug_2832hsweg04.o
gfx_mono_ssd1306_init                             src/oled/gfx_mono_ug_2832hsweg04.o
                                                  src/main.o
gfx_mono_ssd1306_mask_byte                        src/oled/gfx_mono_ug_2832hsweg04.o
                                                  src/oled/gfx_mono_generic.o
gfx_mono_ssd1306_put_byte                         src/oled/gfx_mono_ug_2832hsweg04.o
                                                  src/oled/gfx_mono_generic.o
                                                  src/oled/gfx_mono_framebuffer.o
gfx_mono_ssd1306_put_framebuffer                  src/oled/gfx_mono_ug_2832hsweg04.o
gfx_mono_ssd1306_put_page                         src/oled/gfx_mono_ug_2832hsweg04.o
                                                  src/oled/gfx_mono_generic.o
hardware_init_hook                                c:/program files (x86)/atmel/studio/7.0/toolchain/arm/arm-gnu-toolchain/bin/../lib/gcc/arm-none-eabi/6.3.1/../../../../arm-none-eabi/lib/thumb/v7e-m/crt0.o
io_init                                           src/main.o
led1_on                                           src/main.o
led2_on                                           src/main.o
led3_on                                           src/main.o
leds_init                                         src/main.o
link                                              src/ASF/sam/utils/syscalls/gcc/syscalls.o
main                                              src/main.o
                                                  src/ASF/sam/utils/cmsis/same70/source/templates/gcc/startup_same70.o
                                                  c:/program files (x86)/atmel/studio/7.0/toolchain/arm/arm-gnu-toolchain/bin/../lib/gcc/arm-none-eabi/6.3.1/../../../../arm-none-eabi/lib/thumb/v7e-m/crt0.o
malloc                                            c:/program files (x86)/atmel/studio/7.0/toolchain/arm/arm-gnu-toolchain/bin/../lib/gcc/arm-none-eabi/6.3.1/../../../../arm-none-eabi/lib/thumb/v7e-m\libc.a(lib_a-__atexit.o)
memset                                            c:/program files (x86)/atmel/studio/7.0/toolchain/arm/arm-gnu-toolchain/bin/../lib/gcc/arm-none-eabi/6.3.1/../../../../arm-none-eabi/lib/thumb/v7e-m\libc.a(lib_a-memset.o)
                                                  c:/program files (x86)/atmel/studio/7.0/toolchain/arm/arm-gnu-toolchain/bin/../lib/gcc/arm-none-eabi/6.3.1/../../../../arm-none-eabi/lib/thumb/v7e-m/crt0.o
mpu_cal_mpu_region_size                           src/ASF/sam/drivers/mpu/mpu.o
mpu_disable_region                                src/ASF/sam/drivers/mpu/mpu.o
mpu_enable                                        src/ASF/sam/drivers/mpu/mpu.o
mpu_set_region                                    src/ASF/sam/drivers/mpu/mpu.o
mpu_set_region_num                                src/ASF/sam/drivers/mpu/mpu.o
mpu_update_regions                                src/ASF/sam/drivers/mpu/mpu.o
pin_toggle                                        src/main.o
pio_capture_disable                               src/ASF/sam/drivers/pio/pio.o
pio_capture_disable_interrupt                     src/ASF/sam/drivers/pio/pio.o
pio_capture_enable                                src/ASF/sam/drivers/pio/pio.o
pio_capture_enable_flag                           src/ASF/sam/drivers/pio/pio.o
pio_capture_enable_interrupt                      src/ASF/sam/drivers/pio/pio.o
pio_capture_get_interrupt_mask                    src/ASF/sam/drivers/pio/pio.o
pio_capture_get_interrupt_status                  src/ASF/sam/drivers/pio/pio.o
pio_capture_read                                  src/ASF/sam/drivers/pio/pio.o
pio_capture_set_mode                              src/ASF/sam/drivers/pio/pio.o
pio_clear                                         src/ASF/sam/drivers/pio/pio.o
                                                  src/main.o
pio_configure                                     src/ASF/sam/drivers/pio/pio.o
                                                  src/main.o
                                                  src/oled/ssd1306.o
pio_configure_interrupt                           src/ASF/sam/drivers/pio/pio.o
                                                  src/ASF/sam/drivers/pio/pio_handler.o
pio_configure_pin                                 src/ASF/sam/drivers/pio/pio.o
pio_configure_pin_group                           src/ASF/sam/drivers/pio/pio.o
pio_disable_interrupt                             src/ASF/sam/drivers/pio/pio.o
                                                  src/ASF/sam/drivers/pio/pio_handler.o
pio_disable_output_write                          src/ASF/sam/drivers/pio/pio.o
pio_disable_pin_interrupt                         src/ASF/sam/drivers/pio/pio.o
pio_enable_interrupt                              src/ASF/sam/drivers/pio/pio.o
                                                  src/main.o
                                                  src/ASF/sam/drivers/pio/pio_handler.o
pio_enable_output_write                           src/ASF/sam/drivers/pio/pio.o
pio_enable_pin_interrupt                          src/ASF/sam/drivers/pio/pio.o
pio_get                                           src/ASF/sam/drivers/pio/pio.o
pio_get_interrupt_mask                            src/ASF/sam/drivers/pio/pio.o
                                                  src/ASF/sam/drivers/pio/pio_handler.o
pio_get_interrupt_status                          src/ASF/sam/drivers/pio/pio.o
                                                  src/main.o
                                                  src/ASF/sam/drivers/pio/pio_handler.o
pio_get_multi_driver_status                       src/ASF/sam/drivers/pio/pio.o
pio_get_output_data_status                        src/ASF/sam/drivers/pio/pio.o
                                                  src/main.o
pio_get_output_write_status                       src/ASF/sam/drivers/pio/pio.o
pio_get_pin_group                                 src/ASF/sam/drivers/pio/pio.o
                                                  src/ASF/sam/drivers/pio/pio_handler.o
pio_get_pin_group_id                              src/ASF/sam/drivers/pio/pio.o
                                                  src/ASF/sam/drivers/pio/pio_handler.o
pio_get_pin_group_mask                            src/ASF/sam/drivers/pio/pio.o
                                                  src/ASF/sam/drivers/pio/pio_handler.o
pio_get_pin_value                                 src/ASF/sam/drivers/pio/pio.o
pio_get_schmitt_trigger                           src/ASF/sam/drivers/pio/pio.o
pio_get_writeprotect_status                       src/ASF/sam/drivers/pio/pio.o
pio_handler_process                               src/ASF/sam/drivers/pio/pio_handler.o
pio_handler_set                                   src/ASF/sam/drivers/pio/pio_handler.o
                                                  src/main.o
pio_handler_set_pin                               src/ASF/sam/drivers/pio/pio_handler.o
pio_handler_set_priority                          src/ASF/sam/drivers/pio/pio_handler.o
pio_pull_down                                     src/ASF/sam/drivers/pio/pio.o
pio_pull_up                                       src/ASF/sam/drivers/pio/pio.o
pio_set                                           src/ASF/sam/drivers/pio/pio.o
                                                  src/main.o
pio_set_additional_interrupt_mode                 src/ASF/sam/drivers/pio/pio.o
pio_set_debounce_filter                           src/ASF/sam/drivers/pio/pio.o
                                                  src/main.o
pio_set_input                                     src/ASF/sam/drivers/pio/pio.o
pio_set_io_drive                                  src/ASF/sam/drivers/pio/pio.o
pio_set_multi_driver                              src/ASF/sam/drivers/pio/pio.o
pio_set_output                                    src/ASF/sam/drivers/pio/pio.o
pio_set_peripheral                                src/ASF/sam/drivers/pio/pio.o
pio_set_pin_group_high                            src/ASF/sam/drivers/pio/pio.o
pio_set_pin_group_low                             src/ASF/sam/drivers/pio/pio.o
pio_set_pin_high                                  src/ASF/sam/drivers/pio/pio.o
pio_set_pin_low                                   src/ASF/sam/drivers/pio/pio.o
pio_set_schmitt_trigger                           src/ASF/sam/drivers/pio/pio.o
pio_set_writeprotect                              src/ASF/sam/drivers/pio/pio.o
pio_sync_output_write                             src/ASF/sam/drivers/pio/pio.o
pio_toggle_pin                                    src/ASF/sam/drivers/pio/pio.o
pio_toggle_pin_group                              src/ASF/sam/drivers/pio/pio.o
pmc_clr_fast_startup_input                        src/ASF/sam/drivers/pmc/pmc.o
pmc_disable_all_pck                               src/ASF/sam/drivers/pmc/pmc.o
pmc_disable_all_periph_clk                        src/ASF/sam/drivers/pmc/pmc.o
pmc_disable_clock_failure_detector                src/ASF/sam/drivers/pmc/pmc.o
pmc_disable_interrupt                             src/ASF/sam/drivers/pmc/pmc.o
pmc_disable_pck                                   src/ASF/sam/drivers/pmc/pmc.o
pmc_disable_periph_clk                            src/ASF/sam/drivers/pmc/pmc.o
                                                  src/ASF/sam/drivers/spi/spi.o
pmc_disable_pllack                                src/ASF/sam/drivers/pmc/pmc.o
                                                  src/ASF/sam/drivers/pmc/sleep.o
                                                  src/ASF/common/services/clock/same70/sysclk.o
pmc_disable_sclk_osc_freq_monitor                 src/ASF/sam/drivers/pmc/pmc.o
pmc_disable_sleepwalking                          src/ASF/sam/drivers/pmc/pmc.o
pmc_disable_udpck                                 src/ASF/sam/drivers/pmc/pmc.o
                                                  src/ASF/common/services/clock/same70/sysclk.o
pmc_disable_upll_clock                            src/ASF/sam/drivers/pmc/pmc.o
pmc_enable_all_pck                                src/ASF/sam/drivers/pmc/pmc.o
pmc_enable_all_periph_clk                         src/ASF/sam/drivers/pmc/pmc.o
pmc_enable_backupmode                             src/ASF/sam/drivers/pmc/pmc.o
pmc_enable_clock_failure_detector                 src/ASF/sam/drivers/pmc/pmc.o
pmc_enable_interrupt                              src/ASF/sam/drivers/pmc/pmc.o
pmc_enable_pck                                    src/ASF/sam/drivers/pmc/pmc.o
pmc_enable_periph_clk                             src/ASF/sam/drivers/pmc/pmc.o
                                                  src/main.o
                                                  src/ASF/sam/boards/same70_xplained/init.o